Component: ARM Compiler 5.05 update 1 (build 106) Tool: armlink [4d0efa]

==============================================================================

Section Cross References

    main.o(i.main) refers to appinit.o(i.AppInit) for AppInit
    main.o(i.main) refers to driver.o(i.All_Init) for All_Init
    main.o(i.main) refers to parameters.o(i.ParametersSave) for ParametersSave
    main.o(i.main) refers to timer.o(i.Delay_ms) for Delay_ms
    main.o(i.main) refers to parameters.o(.data) for ParaSavingFlag
    startup_stm32f427_437xx.o(RESET) refers to startup_stm32f427_437xx.o(STACK) for __initial_sp
    startup_stm32f427_437xx.o(RESET) refers to startup_stm32f427_437xx.o(.text) for Reset_Handler
    startup_stm32f427_437xx.o(RESET) refers to stm32f4xx_it.o(i.NMI_Handler) for NMI_Handler
    startup_stm32f427_437xx.o(RESET) refers to stm32f4xx_it.o(i.HardFault_Handler) for HardFault_Handler
    startup_stm32f427_437xx.o(RESET) refers to stm32f4xx_it.o(i.MemManage_Handler) for MemManage_Handler
    startup_stm32f427_437xx.o(RESET) refers to stm32f4xx_it.o(i.BusFault_Handler) for BusFault_Handler
    startup_stm32f427_437xx.o(RESET) refers to stm32f4xx_it.o(i.UsageFault_Handler) for UsageFault_Handler
    startup_stm32f427_437xx.o(RESET) refers to stm32f4xx_it.o(i.SVC_Handler) for SVC_Handler
    startup_stm32f427_437xx.o(RESET) refers to stm32f4xx_it.o(i.DebugMon_Handler) for DebugMon_Handler
    startup_stm32f427_437xx.o(RESET) refers to stm32f4xx_it.o(i.PendSV_Handler) for PendSV_Handler
    startup_stm32f427_437xx.o(RESET) refers to can.o(i.CAN1_TX_IRQHandler) for CAN1_TX_IRQHandler
    startup_stm32f427_437xx.o(RESET) refers to can.o(i.CAN1_RX0_IRQHandler) for CAN1_RX0_IRQHandler
    startup_stm32f427_437xx.o(RESET) refers to rc.o(i.USART1_IRQHandler) for USART1_IRQHandler
    startup_stm32f427_437xx.o(RESET) refers to usart2.o(i.USART2_IRQHandler) for USART2_IRQHandler
    startup_stm32f427_437xx.o(RESET) refers to usart3.o(i.USART3_IRQHandler) for USART3_IRQHandler
    startup_stm32f427_437xx.o(RESET) refers to timer.o(i.TIM5_IRQHandler) for TIM5_IRQHandler
    startup_stm32f427_437xx.o(RESET) refers to timer.o(i.TIM6_DAC_IRQHandler) for TIM6_DAC_IRQHandler
    startup_stm32f427_437xx.o(RESET) refers to can.o(i.CAN2_TX_IRQHandler) for CAN2_TX_IRQHandler
    startup_stm32f427_437xx.o(RESET) refers to can.o(i.CAN2_RX0_IRQHandler) for CAN2_RX0_IRQHandler
    startup_stm32f427_437xx.o(RESET) refers to usart6.o(i.USART6_IRQHandler) for USART6_IRQHandler
    startup_stm32f427_437xx.o(.text) refers to system_stm32f4xx.o(i.SystemInit) for SystemInit
    startup_stm32f427_437xx.o(.text) refers to entry.o(.ARM.Collect$$$$00000000) for __main
    bsp_flash.o(i.BSP_FLASH_Read) refers to bsp_flash.o(i.BSP_FLASH_ReadByte) for BSP_FLASH_ReadByte
    bsp_flash.o(i.BSP_FLASH_Write) refers to stm32f4xx_flash.o(i.FLASH_Unlock) for FLASH_Unlock
    bsp_flash.o(i.BSP_FLASH_Write) refers to stm32f4xx_flash.o(i.FLASH_DataCacheCmd) for FLASH_DataCacheCmd
    bsp_flash.o(i.BSP_FLASH_Write) refers to bsp_flash.o(i.BSP_FLASH_GetFlashSector) for BSP_FLASH_GetFlashSector
    bsp_flash.o(i.BSP_FLASH_Write) refers to stm32f4xx_flash.o(i.FLASH_EraseSector) for FLASH_EraseSector
    bsp_flash.o(i.BSP_FLASH_Write) refers to stm32f4xx_flash.o(i.FLASH_ProgramByte) for FLASH_ProgramByte
    bsp_flash.o(i.BSP_FLASH_Write) refers to stm32f4xx_flash.o(i.FLASH_Lock) for FLASH_Lock
    can.o(i.CAN1_RX0_IRQHandler) refers to stm32f4xx_can.o(i.CAN_GetITStatus) for CAN_GetITStatus
    can.o(i.CAN1_RX0_IRQHandler) refers to stm32f4xx_can.o(i.CAN_ClearITPendingBit) for CAN_ClearITPendingBit
    can.o(i.CAN1_RX0_IRQHandler) refers to stm32f4xx_can.o(i.CAN_ClearFlag) for CAN_ClearFlag
    can.o(i.CAN1_RX0_IRQHandler) refers to stm32f4xx_can.o(i.CAN_Receive) for CAN_Receive
    can.o(i.CAN1_RX0_IRQHandler) refers to protocol.o(i.CanProtocolAnalysis) for CanProtocolAnalysis
    can.o(i.CAN1_TX_IRQHandler) refers to stm32f4xx_can.o(i.CAN_GetITStatus) for CAN_GetITStatus
    can.o(i.CAN1_TX_IRQHandler) refers to stm32f4xx_can.o(i.CAN_ClearITPendingBit) for CAN_ClearITPendingBit
    can.o(i.CAN2_RX0_IRQHandler) refers to stm32f4xx_can.o(i.CAN_GetITStatus) for CAN_GetITStatus
    can.o(i.CAN2_RX0_IRQHandler) refers to stm32f4xx_can.o(i.CAN_ClearITPendingBit) for CAN_ClearITPendingBit
    can.o(i.CAN2_RX0_IRQHandler) refers to stm32f4xx_can.o(i.CAN_Receive) for CAN_Receive
    can.o(i.CAN2_RX0_IRQHandler) refers to protocol.o(i.CanProtocolAnalysis) for CanProtocolAnalysis
    can.o(i.CAN2_TX_IRQHandler) refers to stm32f4xx_can.o(i.CAN_GetITStatus) for CAN_GetITStatus
    can.o(i.CAN2_TX_IRQHandler) refers to stm32f4xx_can.o(i.CAN_ClearITPendingBit) for CAN_ClearITPendingBit
    can.o(i.Can1_Init) refers to stm32f4xx_rcc.o(i.RCC_AHB1PeriphClockCmd) for RCC_AHB1PeriphClockCmd
    can.o(i.Can1_Init) refers to stm32f4xx_rcc.o(i.RCC_APB1PeriphClockCmd) for RCC_APB1PeriphClockCmd
[...]
    cnt_m                                    0x2000004a   Data           2  ist8310.o(.data)
    .data                                    0x2000004c   Section       22  protocol.o(.data)
    cancel_cnt                               0x20000060   Data           2  protocol.o(.data)
    .data                                    0x20000062   Section        2  modeduty.o(.data)
    .data                                    0x20000064   Section       13  datatransfer.o(.data)
    _data_len                                0x2000006a   Data           1  datatransfer.o(.data)
    _data_cnt                                0x2000006b   Data           1  datatransfer.o(.data)
    state                                    0x2000006c   Data           1  datatransfer.o(.data)
    _data_len                                0x2000006d   Data           1  datatransfer.o(.data)
    _data_cnt                                0x2000006e   Data           1  datatransfer.o(.data)
    state                                    0x2000006f   Data           1  datatransfer.o(.data)
    pSeq                                     0x20000070   Data           1  datatransfer.o(.data)
    .data                                    0x20000074   Section        4  dutytasks.o(.data)
    systime_ms                               0x20000074   Data           4  dutytasks.o(.data)
    .data                                    0x20000078   Section       30  selfcheck.o(.data)
    .data                                    0x20000098   Section       88  controltask.o(.data)
    .data                                    0x200000f0   Section       24  cantask.o(.data)
    rotate_ratio_fr                          0x200000f4   Data           4  cantask.o(.data)
    rotate_ratio_fl                          0x200000f8   Data           4  cantask.o(.data)
    rotate_ratio_bl                          0x200000fc   Data           4  cantask.o(.data)
    rotate_ratio_br                          0x20000100   Data           4  cantask.o(.data)
    wheel_rpm_ratio                          0x20000104   Data           4  cantask.o(.data)
    .data                                    0x20000108   Section      227  parameters.o(.data)
    .data                                    0x200001ec   Section      145  imu.o(.data)
    pn                                       0x20000268   Data           1  imu.o(.data)
    h_tmp_x                                  0x2000026c   Data           4  imu.o(.data)
    h_tmp_y                                  0x20000270   Data           4  imu.o(.data)
    yaw_correct                              0x20000274   Data           4  imu.o(.data)
    yaw_mag                                  0x20000278   Data           4  imu.o(.data)
    StartFlag                                0x2000027c   Data           1  imu.o(.data)
    .data                                    0x2000027d   Section       16  stm32f4xx_rcc.o(.data)
    APBAHBPrescTable                         0x2000027d   Data          16  stm32f4xx_rcc.o(.data)
    .data                                    0x2000028d   Section       24  ramp.o(.data)
    .data                                    0x200002a8   Section        4  stdout.o(.data)
    .data                                    0x200002ac   Section        4  errno.o(.data)
    _errno                                   0x200002ac   Data           4  errno.o(.data)
    .bss                                     0x200002b0   Section       60  rc.o(.bss)
    .bss                                     0x200002ec   Section      160  timer.o(.bss)
    Time                                     0x200002ec   Data         160  timer.o(.bss)
    .bss                                     0x2000038c   Section      768  usart2.o(.bss)
    .bss                                     0x2000068c   Section      768  usart3.o(.bss)
    .bss                                     0x2000098c   Section      612  usart6.o(.bss)
    _USART6_DMA_RX_BUF                       0x2000098c   Data         100  usart6.o(.bss)
    _USART6_DMA_TX_BUF                       0x200009f0   Data         256  usart6.o(.bss)
    _USART6_TX_BUF                           0x20000af0   Data         256  usart6.o(.bss)
    .bss                                     0x20000bf0   Section      282  mpu6500.o(.bss)
    .bss                                     0x20000d0a   Section       24  ist8310.o(.bss)
    .bss                                     0x20000d24   Section      520  protocol.o(.bss)
    .bss                                     0x20000f2c   Section      225  datatransfer.o(.bss)
    RxBuffer                                 0x20000fa9   Data          50  datatransfer.o(.bss)
    RxBuffer                                 0x20000fdb   Data          50  datatransfer.o(.bss)
    .bss                                     0x20001010   Section      700  parameters.o(.bss)
    .bss                                     0x200012cc   Section      144  imu.o(.bss)
    mag_tmp                                  0x20001350   Data          12  imu.o(.bss)
    STACK                                    0x20001360   Section     1024  startup_stm32f427_437xx.o(STACK)

    Global Symbols

    Symbol Name                              Value     Ov Type        Size  Object(Section)

    BuildAttributes$$THM_ISAv4$E$P$D$K$B$S$7EM$VFPi3$EXTD16$VFPS$VFMA$PE$A:L22UL41UL21$X:L11$S22US41US21$IEEE1$IW$USESV6$~STKCKD$USESV7$~SHL$OTIME$ROPI$IEEEX$EBA8$MICROLIB$REQ8$PRES8$EABIv2 0x00000000   Number         0  anon$$obj.o ABSOLUTE
    __ARM_use_no_argv                        0x00000000   Number         0  main.o ABSOLUTE
    _printf_a                                0x00000000   Number         0  stubs.o ABSOLUTE
    _printf_c                                0x00000000   Number         0  stubs.o ABSOLUTE
    _printf_charcount                        0x00000000   Number         0  stubs.o ABSOLUTE
    _printf_d                                0x00000000   Number         0  stubs.o ABSOLUTE
    _printf_e                                0x00000000   Number         0  stubs.o ABSOLUTE
    _printf_f                                0x00000000   Number         0  stubs.o ABSOLUTE
    _printf_flags                            0x00000000   Number         0  stubs.o ABSOLUTE
    _printf_fp_dec                           0x00000000   Number         0  stubs.o ABSOLUTE
    _printf_fp_hex                           0x00000000   Number         0  stubs.o ABSOLUTE
    _printf_g                                0x00000000   Number         0  stubs.o ABSOLUTE
    _printf_i                                0x00000000   Number         0  stubs.o ABSOLUTE
    _printf_int_dec                          0x00000000   Number         0  stubs.o ABSOLUTE
    _printf_l                                0x00000000   Number         0  stubs.o ABSOLUTE
    _printf_lc                               0x00000000   Number         0  stubs.o ABSOLUTE
    _printf_ll                               0x00000000   Number         0  stubs.o ABSOLUTE
    _printf_lld                              0x00000000   Number         0  stubs.o ABSOLUTE
    _printf_lli                              0x00000000   Number         0  stubs.o ABSOLUTE
    _printf_llo                              0x00000000   Number         0  stubs.o ABSOLUTE
    _printf_llu                              0x00000000   Number         0  stubs.o ABSOLUTE
    _printf_llx                              0x00000000   Number         0  stubs.o ABSOLUTE
    _printf_longlong_dec                     0x00000000   Number         0  stubs.o ABSOLUTE
    _printf_longlong_hex                     0x00000000   Number         0  stubs.o ABSOLUTE
    _printf_longlong_oct                     0x00000000   Number         0  stubs.o ABSOLUTE
    _printf_ls                               0x00000000   Number         0  stubs.o ABSOLUTE
    _printf_mbtowc                           0x00000000   Number         0  stubs.o ABSOLUTE
    _printf_n                                0x00000000   Number         0  stubs.o ABSOLUTE
    _printf_o                                0x00000000   Number         0  stubs.o ABSOLUTE
    _printf_p                                0x00000000   Number         0  stubs.o ABSOLUTE
    _printf_percent                          0x00000000   Number         0  stubs.o ABSOLUTE
    _printf_pre_padding                      0x00000000   Number         0  stubs.o ABSOLUTE
    _printf_return_value                     0x00000000   Number         0  stubs.o ABSOLUTE
    _printf_s                                0x00000000   Number         0  stubs.o ABSOLUTE
    _printf_sizespec                         0x00000000   Number         0  stubs.o ABSOLUTE
    _printf_str                              0x00000000   Number         0  stubs.o ABSOLUTE
    _printf_truncate_signed                  0x00000000   Number         0  stubs.o ABSOLUTE
    _printf_truncate_unsigned                0x00000000   Number         0  stubs.o ABSOLUTE
    _printf_u                                0x00000000   Number         0  stubs.o ABSOLUTE
    _printf_wc                               0x00000000   Number         0  stubs.o ABSOLUTE
    _printf_wctomb                           0x00000000   Number         0  stubs.o ABSOLUTE
    _printf_widthprec                        0x00000000   Number         0  stubs.o ABSOLUTE
    _printf_x                                0x00000000   Number         0  stubs.o ABSOLUTE
    __cpp_initialize__aeabi_                  - Undefined Weak Reference
    __cxa_finalize                            - Undefined Weak Reference
    _clock_init                               - Undefined Weak Reference
    _microlib_exit                            - Undefined Weak Reference
    __Vectors_Size                           0x000001ac   Number         0  startup_stm32f427_437xx.o ABSOLUTE
    __Vectors                                0x08000000   Data           4  startup_stm32f427_437xx.o(RESET)
    __Vectors_End                            0x080001ac   Data           0  startup_stm32f427_437xx.o(RESET)
    __main                                   0x080001ad   Thumb Code     0  entry.o(.ARM.Collect$$$$00000000)
    _main_stk                                0x080001ad   Thumb Code     0  entry2.o(.ARM.Collect$$$$00000001)
    _main_scatterload                        0x080001b1   Thumb Code     0  entry5.o(.ARM.Collect$$$$00000004)
    __main_after_scatterload                 0x080001b5   Thumb Code     0  entry5.o(.ARM.Collect$$$$00000004)
    _main_clock                              0x080001b5   Thumb Code     0  entry7b.o(.ARM.Collect$$$$00000008)
    _main_cpp_init                           0x080001b5   Thumb Code     0  entry8b.o(.ARM.Collect$$$$0000000A)
    _main_init                               0x080001b5   Thumb Code     0  entry9a.o(.ARM.Collect$$$$0000000B)
    __rt_final_cpp                           0x080001bd   Thumb Code     0  entry10a.o(.ARM.Collect$$$$0000000D)
    __rt_final_exit                          0x080001bd   Thumb Code     0  entry11a.o(.ARM.Collect$$$$0000000F)
    Reset_Handler                            0x080001c1   Thumb Code     8  startup_stm32f427_437xx.o(.text)
    SysTick_Handler                          0x080001d9   Thumb Code     2  startup_stm32f427_437xx.o(.text)
    ADC_IRQHandler                           0x080001db   Thumb Code     0  startup_stm32f427_437xx.o(.text)
    CAN1_RX1_IRQHandler                      0x080001db   Thumb Code     0  startup_stm32f427_437xx.o(.text)
    CAN1_SCE_IRQHandler                      0x080001db   Thumb Code     0  startup_stm32f427_437xx.o(.text)
    CAN2_RX1_IRQHandler                      0x080001db   Thumb Code     0  startup_stm32f427_437xx.o(.text)
    CAN2_SCE_IRQHandler                      0x080001db   Thumb Code     0  startup_stm32f427_437xx.o(.text)
    CRYP_IRQHandler                          0x080001db   Thumb Code     0  startup_stm32f427_437xx.o(.text)
    DCMI_IRQHandler                          0x080001db   Thumb Code     0  startup_stm32f427_437xx.o(.text)
    DMA1_Stream0_IRQHandler                  0x080001db   Thumb Code     0  startup_stm32f427_437xx.o(.text)
    DMA1_Stream1_IRQHandler                  0x080001db   Thumb Code     0  startup_stm32f427_437xx.o(.text)
    DMA1_Stream2_IRQHandler                  0x080001db   Thumb Code     0  startup_stm32f427_437xx.o(.text)
    DMA1_Stream3_IRQHandler                  0x080001db   Thumb Code     0  startup_stm32f427_437xx.o(.text)
    DMA1_Stream4_IRQHandler                  0x080001db   Thumb Code     0  startup_stm32f427_437xx.o(.text)
    DMA1_Stream5_IRQHandler                  0x080001db   Thumb Code     0  startup_stm32f427_437xx.o(.text)
    DMA1_Stream6_IRQHandler                  0x080001db   Thumb Code     0  startup_stm32f427_437xx.o(.text)
    DMA1_Stream7_IRQHandler                  0x080001db   Thumb Code     0  startup_stm32f427_437xx.o(.text)
    DMA2D_IRQHandler                         0x080001db   Thumb Code     0  startup_stm32f427_437xx.o(.text)
    DMA2_Stream0_IRQHandler                  0x080001db   Thumb Code     0  startup_stm32f427_437xx.o(.text)
    DMA2_Stream1_IRQHandler                  0x080001db   Thumb Code     0  startup_stm32f427_437xx.o(.text)
    DMA2_Stream2_IRQHandler                  0x080001db   Thumb Code     0  startup_stm32f427_437xx.o(.text)
    DMA2_Stream3_IRQHandler                  0x080001db   Thumb Code     0  startup_stm32f427_437xx.o(.text)
    DMA2_Stream4_IRQHandler                  0x080001db   Thumb Code     0  startup_stm32f427_437xx.o(.text)
    DMA2_Stream5_IRQHandler                  0x080001db   Thumb Code     0  startup_stm32f427_437xx.o(.text)
    DMA2_Stream6_IRQHandler                  0x080001db   Thumb Code     0  startup_stm32f427_437xx.o(.text)
    DMA2_Stream7_IRQHandler                  0x080001db   Thumb Code     0  startup_stm32f427_437xx.o(.text)
    ETH_IRQHandler                           0x080001db   Thumb Code     0  startup_stm32f427_437xx.o(.text)
    ETH_WKUP_IRQHandler                      0x080001db   Thumb Code     0  startup_stm32f427_437xx.o(.text)
    EXTI0_IRQHandler                         0x080001db   Thumb Code     0  startup_stm32f427_437xx.o(.text)
    EXTI15_10_IRQHandler                     0x080001db   Thumb Code     0  startup_stm32f427_437xx.o(.text)
    EXTI1_IRQHandler                         0x080001db   Thumb Code     0  startup_stm32f427_437xx.o(.text)
    EXTI2_IRQHandler                         0x080001db   Thumb Code     0  startup_stm32f427_437xx.o(.text)
    EXTI3_IRQHandler                         0x080001db   Thumb Code     0  startup_stm32f427_437xx.o(.text)
    EXTI4_IRQHandler                         0x080001db   Thumb Code     0  startup_stm32f427_437xx.o(.text)
    EXTI9_5_IRQHandler                       0x080001db   Thumb Code     0  startup_stm32f427_437xx.o(.text)
    FLASH_IRQHandler                         0x080001db   Thumb Code     0  startup_stm32f427_437xx.o(.text)
    FMC_IRQHandler                           0x080001db   Thumb Code     0  startup_stm32f427_437xx.o(.text)
    FPU_IRQHandler                           0x080001db   Thumb Code     0  startup_stm32f427_437xx.o(.text)
    HASH_RNG_IRQHandler                      0x080001db   Thumb Code     0  startup_stm32f427_437xx.o(.text)
    I2C1_ER_IRQHandler                       0x080001db   Thumb Code     0  startup_stm32f427_437xx.o(.text)
    I2C1_EV_IRQHandler                       0x080001db   Thumb Code     0  startup_stm32f427_437xx.o(.text)
    I2C2_ER_IRQHandler                       0x080001db   Thumb Code     0  startup_stm32f427_437xx.o(.text)
    I2C2_EV_IRQHandler                       0x080001db   Thumb Code     0  startup_stm32f427_437xx.o(.text)
    I2C3_ER_IRQHandler                       0x080001db   Thumb Code     0  startup_stm32f427_437xx.o(.text)
    I2C3_EV_IRQHandler                       0x080001db   Thumb Code     0  startup_stm32f427_437xx.o(.text)
    OTG_FS_IRQHandler                        0x080001db   Thumb Code     0  startup_stm32f427_437xx.o(.text)
    OTG_FS_WKUP_IRQHandler                   0x080001db   Thumb Code     0  startup_stm32f427_437xx.o(.text)
    OTG_HS_EP1_IN_IRQHandler                 0x080001db   Thumb Code     0  startup_stm32f427_437xx.o(.text)
    OTG_HS_EP1_OUT_IRQHandler                0x080001db   Thumb Code     0  startup_stm32f427_437xx.o(.text)
    OTG_HS_IRQHandler                        0x080001db   Thumb Code     0  startup_stm32f427_437xx.o(.text)
    OTG_HS_WKUP_IRQHandler                   0x080001db   Thumb Code     0  startup_stm32f427_437xx.o(.text)
    PVD_IRQHandler                           0x080001db   Thumb Code     0  startup_stm32f427_437xx.o(.text)
    RCC_IRQHandler                           0x080001db   Thumb Code     0  startup_stm32f427_437xx.o(.text)
    RTC_Alarm_IRQHandler                     0x080001db   Thumb Code     0  startup_stm32f427_437xx.o(.text)
    RTC_WKUP_IRQHandler                      0x080001db   Thumb Code     0  startup_stm32f427_437xx.o(.text)
    SAI1_IRQHandler                          0x080001db   Thumb Code     0  startup_stm32f427_437xx.o(.text)
    SDIO_IRQHandler                          0x080001db   Thumb Code     0  startup_stm32f427_437xx.o(.text)
    SPI1_IRQHandler                          0x080001db   Thumb Code     0  startup_stm32f427_437xx.o(.text)
    SPI2_IRQHandler                          0x080001db   Thumb Code     0  startup_stm32f427_437xx.o(.text)
    SPI3_IRQHandler                          0x080001db   Thumb Code     0  startup_stm32f427_437xx.o(.text)
    SPI4_IRQHandler                          0x080001db   Thumb Code     0  startup_stm32f427_437xx.o(.text)
    SPI5_IRQHandler                          0x080001db   Thumb Code     0  startup_stm32f427_437xx.o(.text)
    SPI6_IRQHandler                          0x080001db   Thumb Code     0  startup_stm32f427_437xx.o(.text)
    TAMP_STAMP_IRQHandler                    0x080001db   Thumb Code     0  startup_stm32f427_437xx.o(.text)
    TIM1_BRK_TIM9_IRQHandler                 0x080001db   Thumb Code     0  startup_stm32f427_437xx.o(.text)
    TIM1_CC_IRQHandler                       0x080001db   Thumb Code     0  startup_stm32f427_437xx.o(.text)
    TIM1_TRG_COM_TIM11_IRQHandler            0x080001db   Thumb Code     0  startup_stm32f427_437xx.o(.text)
    TIM1_UP_TIM10_IRQHandler                 0x080001db   Thumb Code     0  startup_stm32f427_437xx.o(.text)
    TIM2_IRQHandler                          0x080001db   Thumb Code     0  startup_stm32f427_437xx.o(.text)
    TIM3_IRQHandler                          0x080001db   Thumb Code     0  startup_stm32f427_437xx.o(.text)
    TIM4_IRQHandler                          0x080001db   Thumb Code     0  startup_stm32f427_437xx.o(.text)
    TIM7_IRQHandler                          0x080001db   Thumb Code     0  startup_stm32f427_437xx.o(.text)
    TIM8_BRK_TIM12_IRQHandler                0x080001db   Thumb Code     0  startup_stm32f427_437xx.o(.text)
    TIM8_CC_IRQHandler                       0x080001db   Thumb Code     0  startup_stm32f427_437xx.o(.text)
    TIM8_TRG_COM_TIM14_IRQHandler            0x080001db   Thumb Code     0  startup_stm32f427_437xx.o(.text)
    TIM8_UP_TIM13_IRQHandler                 0x080001db   Thumb Code     0  startup_stm32f427_437xx.o(.text)
    UART4_IRQHandler                         0x080001db   Thumb Code     0  startup_stm32f427_437xx.o(.text)
    UART5_IRQHandler                         0x080001db   Thumb Code     0  startup_stm32f427_437xx.o(.text)
    UART7_IRQHandler                         0x080001db   Thumb Code     0  startup_stm32f427_437xx.o(.text)
    UART8_IRQHandler                         0x080001db   Thumb Code     0  startup_stm32f427_437xx.o(.text)
    WWDG_IRQHandler                          0x080001db   Thumb Code     0  startup_stm32f427_437xx.o(.text)
    __aeabi_memcpy                           0x080001e5   Thumb Code    36  memcpya.o(.text)
    __aeabi_memcpy4                          0x080001e5   Thumb Code     0  memcpya.o(.text)
    __aeabi_memcpy8                          0x080001e5   Thumb Code     0  memcpya.o(.text)
    __aeabi_memset                           0x08000209   Thumb Code    14  memseta.o(.text)
    __aeabi_memset4                          0x08000209   Thumb Code     0  memseta.o(.text)
    __aeabi_memset8                          0x08000209   Thumb Code     0  memseta.o(.text)
    __aeabi_memclr                           0x08000217   Thumb Code     4  memseta.o(.text)
    __aeabi_memclr4                          0x08000217   Thumb Code     0  memseta.o(.text)
    __aeabi_memclr8                          0x08000217   Thumb Code     0  memseta.o(.text)
    _memset$wrapper                          0x0800021b   Thumb Code    18  memseta.o(.text)
    __aeabi_dadd                             0x0800022d   Thumb Code   322  dadd.o(.text)
    __aeabi_dsub                             0x0800036f   Thumb Code     6  dadd.o(.text)
    __aeabi_drsub                            0x08000375   Thumb Code     6  dadd.o(.text)
    __aeabi_dmul                             0x0800037b   Thumb Code   228  dmul.o(.text)
    __aeabi_i2d                              0x0800045f   Thumb Code    34  dflti.o(.text)
    __aeabi_f2d                              0x08000481   Thumb Code    38  f2d.o(.text)
    __aeabi_cdrcmple                         0x080004a9   Thumb Code    48  cdrcmple.o(.text)
    __aeabi_d2f                              0x080004d9   Thumb Code    56  d2f.o(.text)
    __aeabi_uidiv                            0x08000511   Thumb Code     0  uidiv.o(.text)
    __aeabi_uidivmod                         0x08000511   Thumb Code    44  uidiv.o(.text)
    __aeabi_uldivmod                         0x0800053d   Thumb Code    98  uldiv.o(.text)
    __aeabi_llsl                             0x0800059f   Thumb Code    30  llshl.o(.text)
    _ll_shift_l                              0x0800059f   Thumb Code     0  llshl.o(.text)
    __aeabi_lasr                             0x080005bd   Thumb Code    36  llsshr.o(.text)
    _ll_sshift_r                             0x080005bd   Thumb Code     0  llsshr.o(.text)
    __I$use$fp                               0x080005e1   Thumb Code     0  iusefp.o(.text)
    _float_round                             0x080005e1   Thumb Code    18  fepilogue.o(.text)
    _float_epilogue                          0x080005f3   Thumb Code    92  fepilogue.o(.text)
    _double_round                            0x0800064f   Thumb Code    30  depilogue.o(.text)
    _double_epilogue                         0x0800066d   Thumb Code   156  depilogue.o(.text)
    __aeabi_ddiv                             0x08000709   Thumb Code   222  ddiv.o(.text)
    _dsqrt                                   0x080007e7   Thumb Code   162  dsqrt.o(.text)
    __aeabi_d2ulz                            0x08000889   Thumb Code    48  dfixul.o(.text)
    __scatterload                            0x080008b9   Thumb Code    28  init.o(.text)
    __scatterload_rt2                        0x080008b9   Thumb Code     0  init.o(.text)
    __aeabi_llsr                             0x080008dd   Thumb Code    32  llushr.o(.text)
    __semihosting_library_function           0x080008dd   Thumb Code     0  semi.o(.text)
    _ll_ushift_r                             0x080008dd   Thumb Code     0  llushr.o(.text)
    __I$use$semihosting$fputc                0x080008fd   Thumb Code     0  iusesemip.o(.text)
    __decompress                             0x080008fd   Thumb Code     0  __dczerorl2.o(.text)
    __decompress1                            0x080008fd   Thumb Code    86  __dczerorl2.o(.text)
    AHRSInit                                 0x08000955   Thumb Code   684  imu.o(i.AHRSInit)
    AHRSUpdate                               0x08000c39   Thumb Code  2122  imu.o(i.AHRSUpdate)
    ANO_DT_Send_Check                        0x080014d5   Thumb Code    66  datatransfer.o(i.ANO_DT_Send_Check)
    ANO_DT_Send_MotoPWM                      0x0800151d   Thumb Code   296  datatransfer.o(i.ANO_DT_Send_MotoPWM)
    ANO_DT_Send_PID                          0x08001649   Thumb Code   564  datatransfer.o(i.ANO_DT_Send_PID)
    ANO_DT_Send_RCData                       0x08001885   Thumb Code   352  datatransfer.o(i.ANO_DT_Send_RCData)
    ANO_DT_Send_Senser                       0x080019e9   Thumb Code   406  datatransfer.o(i.ANO_DT_Send_Senser)
    ANO_DT_Send_Status                       0x08001b85   Thumb Code   336  datatransfer.o(i.ANO_DT_Send_Status)
    All_Init                                 0x08001cdd   Thumb Code   152  driver.o(i.All_Init)
    AppInit                                  0x08001d75   Thumb Code    12  appinit.o(i.AppInit)
    BSP_FLASH_GetFlashSector                 0x08001d81   Thumb Code   116  bsp_flash.o(i.BSP_FLASH_GetFlashSector)
    BSP_FLASH_Read                           0x08001e21   Thumb Code    34  bsp_flash.o(i.BSP_FLASH_Read)
    BSP_FLASH_Write                          0x08001e49   Thumb Code   168  bsp_flash.o(i.BSP_FLASH_Write)
    BasicProtocolAnalysis                    0x08001ef5   Thumb Code  1512  protocol.o(i.BasicProtocolAnalysis)
    BusFault_Handler                         0x080024ed   Thumb Code     4  stm32f4xx_it.o(i.BusFault_Handler)
    CAN1_RX0_IRQHandler                      0x080024f1   Thumb Code    50  can.o(i.CAN1_RX0_IRQHandler)
    CAN1_TX_IRQHandler                       0x0800252d   Thumb Code    22  can.o(i.CAN1_TX_IRQHandler)
    CAN2_RX0_IRQHandler                      0x08002549   Thumb Code    42  can.o(i.CAN2_RX0_IRQHandler)
    CAN2_TX_IRQHandler                       0x08002579   Thumb Code    22  can.o(i.CAN2_TX_IRQHandler)
    CAN_ClearFlag                            0x08002595   Thumb Code    52  stm32f4xx_can.o(i.CAN_ClearFlag)
    CAN_ClearITPendingBit                    0x080025cd   Thumb Code   162  stm32f4xx_can.o(i.CAN_ClearITPendingBit)
    CAN_DeInit                               0x08002675   Thumb Code    50  stm32f4xx_can.o(i.CAN_DeInit)
    CAN_FilterInit                           0x080026ad   Thumb Code   258  stm32f4xx_can.o(i.CAN_FilterInit)
    CAN_GetITStatus                          0x080027b5   Thumb Code   284  stm32f4xx_can.o(i.CAN_GetITStatus)
    CAN_ITConfig                             0x080028d5   Thumb Code    18  stm32f4xx_can.o(i.CAN_ITConfig)
    CAN_Init                                 0x080028e7   Thumb Code   276  stm32f4xx_can.o(i.CAN_Init)
    CAN_Receive                              0x080029fb   Thumb Code   240  stm32f4xx_can.o(i.CAN_Receive)
    CAN_StructInit                           0x08002aeb   Thumb Code    32  stm32f4xx_can.o(i.CAN_StructInit)
    CAN_Transmit                             0x08002b0b   Thumb Code   294  stm32f4xx_can.o(i.CAN_Transmit)
    Can1_Init                                0x08002c31   Thumb Code   262  can.o(i.Can1_Init)
    Can2_Init                                0x08002d41   Thumb Code   266  can.o(i.Can2_Init)
    CanProtocolAnalysis                      0x08002e55   Thumb Code   682  protocol.o(i.CanProtocolAnalysis)
    ChassisControl                           0x08003139   Thumb Code   470  controltask.o(i.ChassisControl)
    ChassisSpeedSet                          0x08003361   Thumb Code    92  cantask.o(i.ChassisSpeedSet)
    CheckDog                                 0x080033bd   Thumb Code    84  selfcheck.o(i.CheckDog)
    DMA_ClearFlag                            0x08003435   Thumb Code    38  stm32f4xx_dma.o(i.DMA_ClearFlag)
    DMA_Cmd                                  0x08003469   Thumb Code    22  stm32f4xx_dma.o(i.DMA_Cmd)
    DMA_DeInit                               0x08003481   Thumb Code   324  stm32f4xx_dma.o(i.DMA_DeInit)
    DMA_DoubleBufferModeCmd                  0x080035d9   Thumb Code    22  stm32f4xx_dma.o(i.DMA_DoubleBufferModeCmd)
    DMA_DoubleBufferModeConfig               0x080035ef   Thumb Code    24  stm32f4xx_dma.o(i.DMA_DoubleBufferModeConfig)
    DMA_GetCmdStatus                         0x08003607   Thumb Code    20  stm32f4xx_dma.o(i.DMA_GetCmdStatus)
    DMA_GetCurrDataCounter                   0x0800361b   Thumb Code     8  stm32f4xx_dma.o(i.DMA_GetCurrDataCounter)
    DMA_GetCurrentMemoryTarget               0x08003623   Thumb Code    20  stm32f4xx_dma.o(i.DMA_GetCurrentMemoryTarget)
    DMA_Init                                 0x08003639   Thumb Code    82  stm32f4xx_dma.o(i.DMA_Init)
    DMA_StructInit                           0x08003691   Thumb Code    34  stm32f4xx_dma.o(i.DMA_StructInit)
    DatatransferTask                         0x080036c5   Thumb Code  1112  datatransfer.o(i.DatatransferTask)
    DebugMon_Handler                         0x08003b1d   Thumb Code     2  stm32f4xx_it.o(i.DebugMon_Handler)
    Delay_ms                                 0x08003b1f   Thumb Code    24  timer.o(i.Delay_ms)
    Delay_us                                 0x08003b39   Thumb Code    18  timer.o(i.Delay_us)
    Duty_loop                                0x08003ce9   Thumb Code   160  dutytasks.o(i.Duty_loop)
    EncoderInit                              0x08003d8d   Thumb Code     2  encoder.o(i.EncoderInit)
    EncoderProcess                           0x08003d91   Thumb Code   202  cantask.o(i.EncoderProcess)
    FLASH_DataCacheCmd                       0x08003e69   Thumb Code    30  stm32f4xx_flash.o(i.FLASH_DataCacheCmd)
    FLASH_EraseSector                        0x08003e8d   Thumb Code   130  stm32f4xx_flash.o(i.FLASH_EraseSector)
    FLASH_GetStatus                          0x08003f15   Thumb Code    66  stm32f4xx_flash.o(i.FLASH_GetStatus)
    FLASH_Lock                               0x08003f5d   Thumb Code    14  stm32f4xx_flash.o(i.FLASH_Lock)
    FLASH_ProgramByte                        0x08003f71   Thumb Code    70  stm32f4xx_flash.o(i.FLASH_ProgramByte)
    FLASH_Unlock                             0x08003fbd   Thumb Code    24  stm32f4xx_flash.o(i.FLASH_Unlock)
    FLASH_WaitForLastOperation               0x08003fe1   Thumb Code    34  stm32f4xx_flash.o(i.FLASH_WaitForLastOperation)
    FeedDog                                  0x08004005   Thumb Code    24  selfcheck.o(i.FeedDog)
    FireControl                              0x08004025   Thumb Code    48  controltask.o(i.FireControl)
    GPIO_Init                                0x08004061   Thumb Code   144  stm32f4xx_gpio.o(i.GPIO_Init)
    GPIO_PinAFConfig                         0x080040f1   Thumb Code    70  stm32f4xx_gpio.o(i.GPIO_PinAFConfig)
    GPIO_ResetBits                           0x08004137   Thumb Code     4  stm32f4xx_gpio.o(i.GPIO_ResetBits)
    GPIO_SetBits                             0x0800413b   Thumb Code     4  stm32f4xx_gpio.o(i.GPIO_SetBits)
    GPIO_StructInit                          0x0800413f   Thumb Code    18  stm32f4xx_gpio.o(i.GPIO_StructInit)
    GPIO_ToggleBits                          0x08004151   Thumb Code     8  stm32f4xx_gpio.o(i.GPIO_ToggleBits)
    GetEncoderBias                           0x08004159   Thumb Code    20  cantask.o(i.GetEncoderBias)
    GetInnerLoop                             0x0800416d   Thumb Code    42  timer.o(i.GetInnerLoop)
    GetRcMode                                0x080041a1   Thumb Code    20  rc.o(i.GetRcMode)
    GetWSCurrent                             0x080041b9   Thumb Code     6  modeduty.o(i.GetWSCurrent)
    Get_CRC16_Check_Sum                      0x080041c5   Thumb Code    46  datatransfer.o(i.Get_CRC16_Check_Sum)
    Get_CRC8_Check_Sum                       0x080041f9   Thumb Code    30  datatransfer.o(i.Get_CRC8_Check_Sum)
    GimbalControl                            0x0800421d   Thumb Code   556  controltask.o(i.GimbalControl)
    GimbalCurrentSet                         0x0800448d   Thumb Code    92  cantask.o(i.GimbalCurrentSet)
    GimbalDataCali                           0x080044e9   Thumb Code    14  parameters.o(i.GimbalDataCali)
    HardFault_Handler                        0x080044fd   Thumb Code     4  stm32f4xx_it.o(i.HardFault_Handler)
    IMU_ACCERDataCali                        0x08004501   Thumb Code    20  parameters.o(i.IMU_ACCERDataCali)
    IMU_GYRODataCali                         0x08004519   Thumb Code    20  parameters.o(i.IMU_GYRODataCali)
    IMU_MAGDataCali                          0x08004535   Thumb Code    14  parameters.o(i.IMU_MAGDataCali)
    IST8310_CALI                             0x08004549   Thumb Code   586  ist8310.o(i.IST8310_CALI)
    IST8310_Data_Prepare                     0x080047b9   Thumb Code   100  ist8310.o(i.IST8310_Data_Prepare)
    IST8310_Init                             0x08004829   Thumb Code   242  ist8310.o(i.IST8310_Init)
    IST8310_getRawEX                         0x0800491d   Thumb Code   130  ist8310.o(i.IST8310_getRawEX)
    InnerLoopInit                            0x08004a27   Thumb Code    22  timer.o(i.InnerLoopInit)
    IsDeviceLost                             0x08004a3d   Thumb Code    28  selfcheck.o(i.IsDeviceLost)
    Led_Configuration                        0x08004a5d   Thumb Code   112  led.o(i.Led_Configuration)
    MPU6500_Data_Cali                        0x08004ad5   Thumb Code   458  mpu6500.o(i.MPU6500_Data_Cali)
    MPU6500_Data_Prepare                     0x08004ccd   Thumb Code   840  mpu6500.o(i.MPU6500_Data_Prepare)
    MPU6500_Init                             0x08005041   Thumb Code   160  mpu6500.o(i.MPU6500_Init)
    MPU6500_ReadValueRaw                     0x080050e1   Thumb Code   156  mpu6500.o(i.MPU6500_ReadValueRaw)
    MPU6500_Read_Reg                         0x0800518d   Thumb Code    40  spi.o(i.MPU6500_Read_Reg)
    MPU6500_Write_Reg                        0x080051b9   Thumb Code    40  spi.o(i.MPU6500_Write_Reg)
    MemManage_Handler                        0x08005271   Thumb Code     4  stm32f4xx_it.o(i.MemManage_Handler)
    NMI_Handler                              0x08005275   Thumb Code     2  stm32f4xx_it.o(i.NMI_Handler)
    NVIC_Init                                0x08005279   Thumb Code   106  misc.o(i.NVIC_Init)
    NVIC_PriorityGroupConfig                 0x080052f1   Thumb Code    10  misc.o(i.NVIC_PriorityGroupConfig)
    PC_SendMotor                             0x08005315   Thumb Code   296  datatransfer.o(i.PC_SendMotor)
    PC_Send_IMU                              0x08005445   Thumb Code   122  datatransfer.o(i.PC_Send_IMU)
    PC_Send_RC                               0x080054c5   Thumb Code    66  datatransfer.o(i.PC_Send_RC)
    PID_calculate                            0x08005511   Thumb Code   430  pid.o(i.PID_calculate)
    PWM_Init                                 0x080056c9   Thumb Code   198  pwm.o(i.PWM_Init)
    ParametersInit                           0x08005799   Thumb Code    52  parameters.o(i.ParametersInit)
    ParametersSave                           0x080057d5   Thumb Code    76  parameters.o(i.ParametersSave)
    PendSV_Handler                           0x08005831   Thumb Code     2  stm32f4xx_it.o(i.PendSV_Handler)
    RCC_AHB1PeriphClockCmd                   0x08005835   Thumb Code    26  stm32f4xx_rcc.o(i.RCC_AHB1PeriphClockCmd)
    RCC_APB1PeriphClockCmd                   0x08005855   Thumb Code    26  stm32f4xx_rcc.o(i.RCC_APB1PeriphClockCmd)
    RCC_APB1PeriphResetCmd                   0x08005875   Thumb Code    26  stm32f4xx_rcc.o(i.RCC_APB1PeriphResetCmd)
    RCC_APB2PeriphClockCmd                   0x08005895   Thumb Code    26  stm32f4xx_rcc.o(i.RCC_APB2PeriphClockCmd)
    RCC_APB2PeriphResetCmd                   0x080058b5   Thumb Code    26  stm32f4xx_rcc.o(i.RCC_APB2PeriphResetCmd)
    RCC_GetClocksFreq                        0x080058d5   Thumb Code   214  stm32f4xx_rcc.o(i.RCC_GetClocksFreq)
    RampCalculate                            0x080059bd   Thumb Code    64  ramp.o(i.RampCalculate)
    RampReset                                0x080059fd   Thumb Code    12  ramp.o(i.RampReset)
    RcDataAnalysis                           0x08005a0d   Thumb Code  2088  protocol.o(i.RcDataAnalysis)
    RcProtocolAnalysis                       0x08006265   Thumb Code   174  protocol.o(i.RcProtocolAnalysis)
    Rc_Init                                  0x08006319   Thumb Code     8  rc.o(i.Rc_Init)
    RefereeSys_Send_Data                     0x08006321   Thumb Code   192  datatransfer.o(i.RefereeSys_Send_Data)
    SPI5_Init                                0x080063e9   Thumb Code   212  spi.o(i.SPI5_Init)
    SPI5_Read_Write_Byte                     0x080064c5   Thumb Code    78  spi.o(i.SPI5_Read_Write_Byte)
    SPI_Cmd                                  0x08006519   Thumb Code    24  stm32f4xx_spi.o(i.SPI_Cmd)
    SPI_I2S_GetFlagStatus                    0x08006531   Thumb Code    18  stm32f4xx_spi.o(i.SPI_I2S_GetFlagStatus)
    SPI_I2S_ReceiveData                      0x08006543   Thumb Code     6  stm32f4xx_spi.o(i.SPI_I2S_ReceiveData)
    SPI_I2S_SendData                         0x08006549   Thumb Code     4  stm32f4xx_spi.o(i.SPI_I2S_SendData)
    SPI_Init                                 0x0800654d   Thumb Code    60  stm32f4xx_spi.o(i.SPI_Init)
    SVC_Handler                              0x08006589   Thumb Code     2  stm32f4xx_it.o(i.SVC_Handler)
    SensorOffsetInit                         0x0800658d   Thumb Code    42  parameters.o(i.SensorOffsetInit)
    SystemInit                               0x080066b5   Thumb Code    88  system_stm32f4xx.o(i.SystemInit)
    TIM5_Configuration                       0x0800671d   Thumb Code    58  timer.o(i.TIM5_Configuration)
    TIM5_IRQHandler                          0x0800675d   Thumb Code    30  timer.o(i.TIM5_IRQHandler)
    TIM6_Configuration                       0x08006781   Thumb Code    70  timer.o(i.TIM6_Configuration)
    TIM6_DAC_IRQHandler                      0x080067cd   Thumb Code    34  timer.o(i.TIM6_DAC_IRQHandler)
    TIM6_Start                               0x080067f5   Thumb Code    30  timer.o(i.TIM6_Start)
    TIM_ARRPreloadConfig                     0x08006819   Thumb Code    24  stm32f4xx_tim.o(i.TIM_ARRPreloadConfig)
    TIM_ClearFlag                            0x08006831   Thumb Code     6  stm32f4xx_tim.o(i.TIM_ClearFlag)
    TIM_ClearITPendingBit                    0x08006837   Thumb Code     6  stm32f4xx_tim.o(i.TIM_ClearITPendingBit)
    TIM_Cmd                                  0x0800683d   Thumb Code    24  stm32f4xx_tim.o(i.TIM_Cmd)
    TIM_GetITStatus                          0x08006855   Thumb Code    34  stm32f4xx_tim.o(i.TIM_GetITStatus)
    TIM_ITConfig                             0x08006877   Thumb Code    18  stm32f4xx_tim.o(i.TIM_ITConfig)
    TIM_OC1Init                              0x08006889   Thumb Code   114  stm32f4xx_tim.o(i.TIM_OC1Init)
    TIM_OC1PreloadConfig                     0x08006905   Thumb Code    18  stm32f4xx_tim.o(i.TIM_OC1PreloadConfig)
    TIM_OC2Init                              0x08006919   Thumb Code   154  stm32f4xx_tim.o(i.TIM_OC2Init)
    TIM_OC2PreloadConfig                     0x080069bd   Thumb Code    26  stm32f4xx_tim.o(i.TIM_OC2PreloadConfig)
    TIM_TimeBaseInit                         0x080069d9   Thumb Code   104  stm32f4xx_tim.o(i.TIM_TimeBaseInit)
    USART1_IRQHandler                        0x08006a5d   Thumb Code   182  rc.o(i.USART1_IRQHandler)
    USART2_IRQHandler                        0x08006b25   Thumb Code    50  usart2.o(i.USART2_IRQHandler)
    USART3_IRQHandler                        0x08006b61   Thumb Code    58  usart3.o(i.USART3_IRQHandler)
    USART6_IRQHandler                        0x08006ba1   Thumb Code   168  usart6.o(i.USART6_IRQHandler)
    USART_ClearITPendingBit                  0x08006c59   Thumb Code    30  stm32f4xx_usart.o(i.USART_ClearITPendingBit)
    USART_ClockInit                          0x08006c77   Thumb Code    32  stm32f4xx_usart.o(i.USART_ClockInit)
    USART_Cmd                                0x08006c97   Thumb Code    24  stm32f4xx_usart.o(i.USART_Cmd)
    USART_DMACmd                             0x08006caf   Thumb Code    18  stm32f4xx_usart.o(i.USART_DMACmd)
    USART_DeInit                             0x08006cc1   Thumb Code   156  stm32f4xx_usart.o(i.USART_DeInit)
    USART_GetITStatus                        0x08006d75   Thumb Code    84  stm32f4xx_usart.o(i.USART_GetITStatus)
    USART_ITConfig                           0x08006dc9   Thumb Code    74  stm32f4xx_usart.o(i.USART_ITConfig)
    USART_Init                               0x08006e15   Thumb Code   204  stm32f4xx_usart.o(i.USART_Init)
    USART_StructInit                         0x08006ee9   Thumb Code    24  stm32f4xx_usart.o(i.USART_StructInit)
    UsageFault_Handler                       0x08006f01   Thumb Code     4  stm32f4xx_it.o(i.UsageFault_Handler)
    Usart1_Init                              0x08006f05   Thumb Code   324  rc.o(i.Usart1_Init)
    Usart2_DataPrepare                       0x0800705d   Thumb Code   214  datatransfer.o(i.Usart2_DataPrepare)
    Usart2_Init                              0x08007145   Thumb Code   332  usart2.o(i.Usart2_Init)
    Usart2_Send                              0x080072a1   Thumb Code   176  usart2.o(i.Usart2_Send)
    Usart3_DataPrepare                       0x0800736d   Thumb Code   214  datatransfer.o(i.Usart3_DataPrepare)
    Usart3_Init                              0x08007455   Thumb Code   336  usart3.o(i.Usart3_Init)
    Usart3_Send                              0x080075b5   Thumb Code   178  usart3.o(i.Usart3_Send)
    Usart6_DataPrepare                       0x08007681   Thumb Code  1992  datatransfer.o(i.Usart6_DataPrepare)
    Usart6_Init                              0x08007ff5   Thumb Code   392  usart6.o(i.Usart6_Init)
    Usart6_Send                              0x08008191   Thumb Code   176  usart6.o(i.Usart6_Send)
    WorkStateFSM                             0x0800825d   Thumb Code   124  modeduty.o(i.WorkStateFSM)
    __0printf                                0x080082e9   Thumb Code    22  printfa.o(i.__0printf)
    __1printf                                0x080082e9   Thumb Code     0  printfa.o(i.__0printf)
    __2printf                                0x080082e9   Thumb Code     0  printfa.o(i.__0printf)
    __c89printf                              0x080082e9   Thumb Code     0  printfa.o(i.__0printf)
    printf                                   0x080082e9   Thumb Code     0  printfa.o(i.__0printf)
    __ARM_fpclassify                         0x08008309   Thumb Code    48  fpclassify.o(i.__ARM_fpclassify)
    __ARM_fpclassifyf                        0x08008339   Thumb Code    38  fpclassifyf.o(i.__ARM_fpclassifyf)
    __hardfp_asinf                           0x08008361   Thumb Code   258  asinf.o(i.__hardfp_asinf)
    __hardfp_atan                            0x08008491   Thumb Code   622  atan.o(i.__hardfp_atan)
    __hardfp_atan2                           0x08008769   Thumb Code   432  atan2.o(i.__hardfp_atan2)
    __hardfp_atan2f                          0x08008959   Thumb Code   502  atan2f.o(i.__hardfp_atan2f)
    __hardfp_cosf                            0x08008ba9   Thumb Code   280  cosf.o(i.__hardfp_cosf)
    __hardfp_sinf                            0x08008cf9   Thumb Code   344  sinf.o(i.__hardfp_sinf)
    __hardfp_sqrt                            0x08008e89   Thumb Code   122  sqrt.o(i.__hardfp_sqrt)
    __kernel_poly                            0x08008f03   Thumb Code   248  poly.o(i.__kernel_poly)
    __mathlib_dbl_infnan                     0x08008ffb   Thumb Code    20  dunder.o(i.__mathlib_dbl_infnan)
    __mathlib_dbl_infnan2                    0x0800900f   Thumb Code    20  dunder.o(i.__mathlib_dbl_infnan2)
    __mathlib_dbl_underflow                  0x08009029   Thumb Code    24  dunder.o(i.__mathlib_dbl_underflow)
    __mathlib_flt_infnan                     0x08009049   Thumb Code     6  funder.o(i.__mathlib_flt_infnan)
    __mathlib_flt_infnan2                    0x0800904f   Thumb Code     6  funder.o(i.__mathlib_flt_infnan2)
    __mathlib_flt_invalid                    0x08009055   Thumb Code    10  funder.o(i.__mathlib_flt_invalid)
    __mathlib_flt_underflow                  0x08009065   Thumb Code    10  funder.o(i.__mathlib_flt_underflow)
    __mathlib_rredf2                         0x08009075   Thumb Code   316  rredf.o(i.__mathlib_rredf2)
    __scatterload_copy                       0x080091c9   Thumb Code    14  handlers.o(i.__scatterload_copy)
    __scatterload_null                       0x080091d7   Thumb Code     2  handlers.o(i.__scatterload_null)
    __scatterload_zeroinit                   0x080091d9   Thumb Code    14  handlers.o(i.__scatterload_zeroinit)
    __set_errno                              0x080091e9   Thumb Code     6  errno.o(i.__set_errno)
    atan                                     0x08009a87   Thumb Code    16  atan.o(i.atan)
    fabs                                     0x08009a97   Thumb Code    24  fabs.o(i.fabs)
    fputc                                    0x08009aaf   Thumb Code    18  fputc.o(i.fputc)
    invSqrt                                  0x08009ac1   Thumb Code   102  imu.o(i.invSqrt)
    main                                     0x08009b2d   Thumb Code    36  main.o(i.main)
    mecanum_calc                             0x08009b55   Thumb Code   554  cantask.o(i.mecanum_calc)
    my_abs                                   0x08009db9   Thumb Code    26  mymath.o(i.my_abs)
    sqrtf                                    0x08009dd3   Thumb Code    62  sqrtf.o(i.sqrtf)
    CRC8_INIT                                0x08009e10   Data           1  datatransfer.o(.constdata)
    CRC8_TABLE                               0x08009e11   Data         256  datatransfer.o(.constdata)
    wCRC_Table                               0x08009f12   Data         512  datatransfer.o(.constdata)
    SelfCheckInitValue                       0x0800a112   Data          26  selfcheck.o(.constdata)
    __mathlib_zero                           0x0800a1c8   Data           8  qnan.o(.constdata)
    Region$$Table$$Base                      0x0800a1f0   Number         0  anon$$obj.o(Region$$Table)
    Region$$Table$$Limit                     0x0800a210   Number         0  anon$$obj.o(Region$$Table)
    Tx2Counter                               0x20000004   Data           1  usart2.o(.data)
    count2                                   0x20000005   Data           1  usart2.o(.data)
    Tx3Counter                               0x2000000a   Data           1  usart3.o(.data)
    count3                                   0x2000000b   Data           1  usart3.o(.data)
    MPU6500_Acc_Raw                          0x20000018   Data           6  mpu6500.o(.data)
    MPU6500_Gyro_Raw                         0x2000001e   Data           6  mpu6500.o(.data)
    acc_sum_cnt                              0x20000024   Data           2  mpu6500.o(.data)
    gyro_sum_cnt                             0x20000026   Data           2  mpu6500.o(.data)
    filter_cnt                               0x20000028   Data           1  mpu6500.o(.data)
    filter_cnt_old                           0x20000029   Data           1  mpu6500.o(.data)
    temp_ist_buff                            0x2000002a   Data           6  ist8310.o(.data)
    can_encoder_flag                         0x2000004c   Data           2  protocol.o(.data)
    yaw_cali_count                           0x2000004e   Data           1  protocol.o(.data)
    pitch_cali_count                         0x2000004f   Data           1  protocol.o(.data)
    yaw_cali_sum                             0x20000050   Data           4  protocol.o(.data)
    pitch_cali_sum                           0x20000054   Data           4  protocol.o(.data)
    checkdata_to_send                        0x20000058   Data           1  protocol.o(.data)
    checksum_to_send                         0x20000059   Data           1  protocol.o(.data)
    send_check                               0x2000005a   Data           1  protocol.o(.data)
    send_pid1                                0x2000005b   Data           1  protocol.o(.data)
    send_pid2                                0x2000005c   Data           1  protocol.o(.data)
    send_pid3                                0x2000005d   Data           1  protocol.o(.data)
    WHEEL_STATE                              0x2000005e   Data           1  protocol.o(.data)
    SysMode                                  0x20000062   Data           1  modeduty.o(.data)
    ControlMode                              0x20000063   Data           1  modeduty.o(.data)
    CRC16_INIT                               0x20000064   Data           2  datatransfer.o(.data)
    CRC8                                     0x20000066   Data           1  datatransfer.o(.data)
    FrameTail                                0x20000068   Data           2  datatransfer.o(.data)
    SelfCheckErrorFlag                       0x20000078   Data           4  selfcheck.o(.data)
    SelfCheckValue                           0x2000007c   Data          26  selfcheck.o(.data)
    GimbalPitchPosRef                        0x20000098   Data           4  controltask.o(.data)
    GimbalPitchGyrRef                        0x2000009c   Data           4  controltask.o(.data)
    GimbalYawPosRef                          0x200000a0   Data           4  controltask.o(.data)
    GimbalYawGyrRef                          0x200000a4   Data           4  controltask.o(.data)
    ChassisGoToward                          0x200000a8   Data           4  controltask.o(.data)
    ChassisGoLeftRight                       0x200000ac   Data           4  controltask.o(.data)
    ChassisMotorSpeed1                       0x200000b0   Data           4  controltask.o(.data)
    ChassisMotorSpeed2                       0x200000b4   Data           4  controltask.o(.data)
    ChassisMotorSpeed3                       0x200000b8   Data           4  controltask.o(.data)
    ChassisMotorSpeed4                       0x200000bc   Data           4  controltask.o(.data)
    ChassisRotateOut                         0x200000c0   Data           4  controltask.o(.data)
    CMOutput1                                0x200000c4   Data           4  controltask.o(.data)
    CMOutput2                                0x200000c8   Data           4  controltask.o(.data)
    CMOutput3                                0x200000cc   Data           4  controltask.o(.data)
    CMOutput4                                0x200000d0   Data           4  controltask.o(.data)
    GMYawOutput                              0x200000d4   Data           4  controltask.o(.data)
    GMPitchOutput                            0x200000d8   Data           4  controltask.o(.data)
    test_fire_speed                          0x200000dc   Data           4  controltask.o(.data)
    exp_speed                                0x200000e0   Data           8  controltask.o(.data)
    yaw_speed                                0x200000e8   Data           4  controltask.o(.data)
    pitch_speed                              0x200000ec   Data           4  controltask.o(.data)
    rotation_center_gimbal                   0x200000f0   Data           4  cantask.o(.data)
    CALIFLAG                                 0x20000108   Data           1  parameters.o(.data)
    ParamSavedFlag                           0x20000109   Data           1  parameters.o(.data)
    ParaSavingFlag                           0x2000010a   Data           1  parameters.o(.data)
    PID_arg                                  0x2000010b   Data         224  parameters.o(.data)
    Roll                                     0x200001ec   Data           4  imu.o(.data)
    Pitch                                    0x200001f0   Data           4  imu.o(.data)
    Yaw                                      0x200001f4   Data           4  imu.o(.data)
    ref_q                                    0x200001f8   Data          16  imu.o(.data)
    norm_acc                                 0x20000208   Data           4  imu.o(.data)
    norm_q                                   0x2000020c   Data           4  imu.o(.data)
    norm_acc_lpf                             0x20000210   Data           4  imu.o(.data)
    mag_norm                                 0x20000214   Data           4  imu.o(.data)
    mag_norm_xyz                             0x20000218   Data           4  imu.o(.data)
    acc_ng_cali                              0x2000021c   Data           1  imu.o(.data)
    q0q0                                     0x20000220   Data           4  imu.o(.data)
    q0q1                                     0x20000224   Data           4  imu.o(.data)
    q0q2                                     0x20000228   Data           4  imu.o(.data)
    q0q3                                     0x2000022c   Data           4  imu.o(.data)
    q1q1                                     0x20000230   Data           4  imu.o(.data)
    q1q2                                     0x20000234   Data           4  imu.o(.data)
    q1q3                                     0x20000238   Data           4  imu.o(.data)
    q2q2                                     0x2000023c   Data           4  imu.o(.data)
    q2q3                                     0x20000240   Data           4  imu.o(.data)
    q3q3                                     0x20000244   Data           4  imu.o(.data)
    q0                                       0x20000248   Data           4  imu.o(.data)
    q1                                       0x2000024c   Data           4  imu.o(.data)
    q2                                       0x20000250   Data           4  imu.o(.data)
    q3                                       0x20000254   Data           4  imu.o(.data)
    dq0                                      0x20000258   Data           4  imu.o(.data)
    dq1                                      0x2000025c   Data           4  imu.o(.data)
    dq2                                      0x20000260   Data           4  imu.o(.data)
    dq3                                      0x20000264   Data           4  imu.o(.data)
    RcKeyTowardRamp                          0x2000028d   Data           8  ramp.o(.data)
    RcKeyLeftRightRamp                       0x20000295   Data           8  ramp.o(.data)
    RcKeyRotateRamp                          0x2000029d   Data           8  ramp.o(.data)
    __stdout                                 0x200002a8   Data           4  stdout.o(.data)
    _USART1_DMA_RX_BUF                       0x200002b0   Data          60  rc.o(.bss)
    Rx_2_Buf                                 0x2000038c   Data         256  usart2.o(.bss)
    Tx2Buffer                                0x2000048c   Data         256  usart2.o(.bss)
    Tx2DMABuffer                             0x2000058c   Data         256  usart2.o(.bss)
    Rx_3_Buf                                 0x2000068c   Data         256  usart3.o(.bss)
    Tx3Buffer                                0x2000078c   Data         256  usart3.o(.bss)
    Tx3DMABuffer                             0x2000088c   Data         256  usart3.o(.bss)
    MPU6500_Acc                              0x20000bf0   Data          12  mpu6500.o(.bss)
    MPU6500_Gyro                             0x20000bfc   Data          12  mpu6500.o(.bss)
    mpu6500_buf                              0x20000c08   Data          20  mpu6500.o(.bss)
    sum_temp                                 0x20000c1c   Data          28  mpu6500.o(.bss)
    mpu6500_tmp                              0x20000c38   Data          28  mpu6500.o(.bss)
    mpu_fil_tmp                              0x20000c54   Data          28  mpu6500.o(.bss)
    FILT_BUF                                 0x20000c70   Data         154  mpu6500.o(.bss)
    IST_Raw                                  0x20000d0a   Data          12  ist8310.o(.bss)
    MagValue                                 0x20000d16   Data          12  ist8310.o(.bss)
    CM1Encoder                               0x20000d24   Data          68  protocol.o(.bss)
    CM2Encoder                               0x20000d68   Data          68  protocol.o(.bss)
    CM3Encoder                               0x20000dac   Data          68  protocol.o(.bss)
    CM4Encoder                               0x20000df0   Data          68  protocol.o(.bss)
    GMYawEncoder                             0x20000e34   Data          68  protocol.o(.bss)
    GMPitchEncoder                           0x20000e78   Data          68  protocol.o(.bss)
    DialingEncoder                           0x20000ebc   Data          68  protocol.o(.bss)
    PC_control                               0x20000f00   Data          22  protocol.o(.bss)
    RC_CtrlData                              0x20000f16   Data          22  protocol.o(.bss)
    RefereeSystemData                        0x20000f2c   Data          75  datatransfer.o(.bss)
    data_to_send                             0x20000f77   Data          50  datatransfer.o(.bss)
    IMUSensor_Offset                         0x20001010   Data          36  parameters.o(.bss)
    AllDataUnion                             0x20001034   Data         265  parameters.o(.bss)
    PID_val                                  0x20001140   Data         396  parameters.o(.bss)
    reference_v                              0x200012cc   Data          12  imu.o(.bss)
    ref                                      0x200012d8   Data          60  imu.o(.bss)
    mag_sim_3d                               0x20001314   Data          12  imu.o(.bss)
    acc_3d_hg                                0x20001320   Data          12  imu.o(.bss)
    acc_ng                                   0x2000132c   Data          12  imu.o(.bss)
    acc_ng_offset                            0x20001338   Data          12  imu.o(.bss)
    gyro_bias                                0x20001344   Data          12  imu.o(.bss)
    __initial_sp                             0x20001760   Data           0  startup_stm32f427_437xx.o(STACK)



==============================================================================

Memory Map of the image

  Image Entry point : 0x080001ad

  Load Region LR_IROM1 (Base: 0x08000000, Size: 0x0000a4c0, Max: 0x00200000, ABSOLUTE, COMPRESSED[0x0000a26c])

    Execution Region ER_IROM1 (Base: 0x08000000, Size: 0x0000a210, Max: 0x00200000, ABSOLUTE)

    Base Addr    Size         Type   Attr      Idx    E Section Name        Object

    0x08000000   0x000001ac   Data   RO          284    RESET               startup_stm32f427_437xx.o
    0x080001ac   0x00000000   Code   RO         5836  * .ARM.Collect$$$$00000000  mc_w.l(entry.o)
    0x080001ac   0x00000004   Code   RO         6192    .ARM.Collect$$$$00000001  mc_w.l(entry2.o)
    0x080001b0   0x00000004   Code   RO         6195    .ARM.Collect$$$$00000004  mc_w.l(entry5.o)
    0x080001b4   0x00000000   Code   RO         6197    .ARM.Collect$$$$00000008  mc_w.l(entry7b.o)
    0x080001b4   0x00000000   Code   RO         6199    .ARM.Collect$$$$0000000A  mc_w.l(entry8b.o)
    0x080001b4   0x00000008   Code   RO         6200    .ARM.Collect$$$$0000000B  mc_w.l(entry9a.o)
    0x080001bc   0x00000000   Code   RO         6202    .ARM.Collect$$$$0000000D  mc_w.l(entry10a.o)
    0x080001bc   0x00000000   Code   RO         6204    .ARM.Collect$$$$0000000F  mc_w.l(entry11a.o)
    0x080001bc   0x00000004   Code   RO         6193    .ARM.Collect$$$$00002712  mc_w.l(entry2.o)
    0x080001c0   0x00000024   Code   RO          285    .text               startup_stm32f427_437xx.o
    0x080001e4   0x00000024   Code   RO         5839    .text               mc_w.l(memcpya.o)
    0x08000208   0x00000024   Code   RO         5841    .text               mc_w.l(memseta.o)
    0x0800022c   0x0000014e   Code   RO         6106    .text               mf_w.l(dadd.o)
    0x0800037a   0x000000e4   Code   RO         6108    .text               mf_w.l(dmul.o)
    0x0800045e   0x00000022   Code   RO         6112    .text               mf_w.l(dflti.o)
    0x08000480   0x00000026   Code   RO         6114    .text               mf_w.l(f2d.o)
    0x080004a6   0x00000002   PAD
    0x080004a8   0x00000030   Code   RO         6118    .text               mf_w.l(cdrcmple.o)
    0x080004d8   0x00000038   Code   RO         6120    .text               mf_w.l(d2f.o)
    0x08000510   0x0000002c   Code   RO         6209    .text               mc_w.l(uidiv.o)
    0x0800053c   0x00000062   Code   RO         6211    .text               mc_w.l(uldiv.o)
    0x0800059e   0x0000001e   Code   RO         6213    .text               mc_w.l(llshl.o)
    0x080005bc   0x00000024   Code   RO         6215    .text               mc_w.l(llsshr.o)
    0x080005e0   0x00000000   Code   RO         6224    .text               mc_w.l(iusefp.o)
    0x080005e0   0x0000006e   Code   RO         6225    .text               mf_w.l(fepilogue.o)
    0x0800064e   0x000000ba   Code   RO         6227    .text               mf_w.l(depilogue.o)
    0x08000708   0x000000de   Code   RO         6229    .text               mf_w.l(ddiv.o)
    0x080007e6   0x000000a2   Code   RO         6231    .text               mf_w.l(dsqrt.o)
    0x08000888   0x00000030   Code   RO         6233    .text               mf_w.l(dfixul.o)
    0x080008b8   0x00000024   Code   RO         6235    .text               mc_w.l(init.o)
    0x080008dc   0x00000000   Code   RO         6237    .text               mc_w.l(semi.o)
    0x080008dc   0x00000020   Code   RO         6238    .text               mc_w.l(llushr.o)
    0x080008fc   0x00000000   Code   RO         6240    .text               mc_w.l(iusesemip.o)
    0x080008fc   0x00000056   Code   RO         6249    .text               mc_w.l(__dczerorl2.o)
    0x08000952   0x00000002   PAD
    0x08000954   0x000002e4   Code   RO         1366    i.AHRSInit          imu.o
    0x08000c38   0x0000089c   Code   RO         1367    i.AHRSUpdate        imu.o
    0x080014d4   0x00000048   Code   RO          959    i.ANO_DT_Send_Check  datatransfer.o
    0x0800151c   0x0000012c   Code   RO          960    i.ANO_DT_Send_MotoPWM  datatransfer.o
    0x08001648   0x0000023c   Code   RO          961    i.ANO_DT_Send_PID   datatransfer.o
    0x08001884   0x00000164   Code   RO          962    i.ANO_DT_Send_RCData  datatransfer.o
    0x080019e8   0x0000019c   Code   RO          963    i.ANO_DT_Send_Senser  datatransfer.o
    0x08001b84   0x00000158   Code   RO          964    i.ANO_DT_Send_Status  datatransfer.o
    0x08001cdc   0x00000098   Code   RO          393    i.All_Init          driver.o
    0x08001d74   0x0000000c   Code   RO         1277    i.AppInit           appinit.o
    0x08001d80   0x000000a0   Code   RO          291    i.BSP_FLASH_GetFlashSector  bsp_flash.o
    0x08001e20   0x00000022   Code   RO          292    i.BSP_FLASH_Read    bsp_flash.o
    0x08001e42   0x00000006   Code   RO          293    i.BSP_FLASH_ReadByte  bsp_flash.o
    0x08001e48   0x000000ac   Code   RO          294    i.BSP_FLASH_Write   bsp_flash.o
    0x08001ef4   0x000005f8   Code   RO          869    i.BasicProtocolAnalysis  protocol.o
    0x080024ec   0x00000004   Code   RO          219    i.BusFault_Handler  stm32f4xx_it.o
    0x080024f0   0x0000003c   Code   RO          331    i.CAN1_RX0_IRQHandler  can.o
    0x0800252c   0x0000001c   Code   RO          332    i.CAN1_TX_IRQHandler  can.o
    0x08002548   0x00000030   Code   RO          333    i.CAN2_RX0_IRQHandler  can.o
    0x08002578   0x0000001c   Code   RO          334    i.CAN2_TX_IRQHandler  can.o
    0x08002594   0x00000038   Code   RO         1734    i.CAN_ClearFlag     stm32f4xx_can.o
    0x080025cc   0x000000a8   Code   RO         1735    i.CAN_ClearITPendingBit  stm32f4xx_can.o
    0x08002674   0x00000038   Code   RO         1737    i.CAN_DeInit        stm32f4xx_can.o
    0x080026ac   0x00000108   Code   RO         1739    i.CAN_FilterInit    stm32f4xx_can.o
    0x080027b4   0x00000120   Code   RO         1741    i.CAN_GetITStatus   stm32f4xx_can.o
    0x080028d4   0x00000012   Code   RO         1745    i.CAN_ITConfig      stm32f4xx_can.o
    0x080028e6   0x00000114   Code   RO         1746    i.CAN_Init          stm32f4xx_can.o
    0x080029fa   0x000000f0   Code   RO         1749    i.CAN_Receive       stm32f4xx_can.o
    0x08002aea   0x00000020   Code   RO         1752    i.CAN_StructInit    stm32f4xx_can.o
    0x08002b0a   0x00000126   Code   RO         1754    i.CAN_Transmit      stm32f4xx_can.o
    0x08002c30   0x00000110   Code   RO          335    i.Can1_Init         can.o
    0x08002d40   0x00000114   Code   RO          336    i.Can2_Init         can.o
    0x08002e54   0x000002e4   Code   RO          870    i.CanProtocolAnalysis  protocol.o
    0x08003138   0x00000228   Code   RO         1192    i.ChassisControl    controltask.o
    0x08003360   0x0000005c   Code   RO         1230    i.ChassisSpeedSet   cantask.o
    0x080033bc   0x00000064   Code   RO         1147    i.CheckDog          selfcheck.o
    0x08003420   0x00000012   Code   RO         1757    i.CheckITStatus     stm32f4xx_can.o
    0x08003432   0x00000002   PAD
    0x08003434   0x00000034   Code   RO         2428    i.DMA_ClearFlag     stm32f4xx_dma.o
    0x08003468   0x00000016   Code   RO         2430    i.DMA_Cmd           stm32f4xx_dma.o
    0x0800347e   0x00000002   PAD
    0x08003480   0x00000158   Code   RO         2431    i.DMA_DeInit        stm32f4xx_dma.o
    0x080035d8   0x00000016   Code   RO         2432    i.DMA_DoubleBufferModeCmd  stm32f4xx_dma.o
    0x080035ee   0x00000018   Code   RO         2433    i.DMA_DoubleBufferModeConfig  stm32f4xx_dma.o
    0x08003606   0x00000014   Code   RO         2435    i.DMA_GetCmdStatus  stm32f4xx_dma.o
    0x0800361a   0x00000008   Code   RO         2436    i.DMA_GetCurrDataCounter  stm32f4xx_dma.o
    0x08003622   0x00000014   Code   RO         2437    i.DMA_GetCurrentMemoryTarget  stm32f4xx_dma.o
    0x08003636   0x00000002   PAD
    0x08003638   0x00000058   Code   RO         2442    i.DMA_Init          stm32f4xx_dma.o
    0x08003690   0x00000022   Code   RO         2446    i.DMA_StructInit    stm32f4xx_dma.o
    0x080036b2   0x00000010   Code   RO          965    i.Data_Send         datatransfer.o
    0x080036c2   0x00000002   PAD
    0x080036c4   0x00000458   Code   RO          966    i.DatatransferTask  datatransfer.o
    0x08003b1c   0x00000002   Code   RO          220    i.DebugMon_Handler  stm32f4xx_it.o
    0x08003b1e   0x00000018   Code   RO          518    i.Delay_ms          timer.o
    0x08003b36   0x00000002   PAD
    0x08003b38   0x00000018   Code   RO          519    i.Delay_us          timer.o
    0x08003b50   0x00000034   Code   RO         1096    i.Duty_10ms         dutytasks.o
    0x08003b84   0x000000bc   Code   RO         1097    i.Duty_1ms          dutytasks.o
    0x08003c40   0x0000000e   Code   RO         1098    i.Duty_20ms         dutytasks.o
    0x08003c4e   0x0000000e   Code   RO         1099    i.Duty_2ms          dutytasks.o
    0x08003c5c   0x00000038   Code   RO         1100    i.Duty_50ms         dutytasks.o
    0x08003c94   0x00000054   Code   RO         1101    i.Duty_5ms          dutytasks.o
    0x08003ce8   0x000000a4   Code   RO         1102    i.Duty_loop         dutytasks.o
    0x08003d8c   0x00000002   Code   RO          696    i.EncoderInit       encoder.o
    0x08003d8e   0x00000002   PAD
    0x08003d90   0x000000d8   Code   RO         1231    i.EncoderProcess    cantask.o
    0x08003e68   0x00000024   Code   RO         2625    i.FLASH_DataCacheCmd  stm32f4xx_flash.o
    0x08003e8c   0x00000088   Code   RO         2628    i.FLASH_EraseSector  stm32f4xx_flash.o
    0x08003f14   0x00000048   Code   RO         2630    i.FLASH_GetStatus   stm32f4xx_flash.o
    0x08003f5c   0x00000014   Code   RO         2634    i.FLASH_Lock        stm32f4xx_flash.o
    0x08003f70   0x0000004c   Code   RO         2647    i.FLASH_ProgramByte  stm32f4xx_flash.o
    0x08003fbc   0x00000024   Code   RO         2652    i.FLASH_Unlock      stm32f4xx_flash.o
    0x08003fe0   0x00000022   Code   RO         2653    i.FLASH_WaitForLastOperation  stm32f4xx_flash.o
    0x08004002   0x00000002   PAD
    0x08004004   0x00000020   Code   RO         1149    i.FeedDog           selfcheck.o
    0x08004024   0x0000003c   Code   RO         1193    i.FireControl       controltask.o
    0x08004060   0x00000090   Code   RO         2953    i.GPIO_Init         stm32f4xx_gpio.o
    0x080040f0   0x00000046   Code   RO         2954    i.GPIO_PinAFConfig  stm32f4xx_gpio.o
    0x08004136   0x00000004   Code   RO         2960    i.GPIO_ResetBits    stm32f4xx_gpio.o
    0x0800413a   0x00000004   Code   RO         2961    i.GPIO_SetBits      stm32f4xx_gpio.o
    0x0800413e   0x00000012   Code   RO         2962    i.GPIO_StructInit   stm32f4xx_gpio.o
    0x08004150   0x00000008   Code   RO         2963    i.GPIO_ToggleBits   stm32f4xx_gpio.o
    0x08004158   0x00000014   Code   RO         1232    i.GetEncoderBias    cantask.o
    0x0800416c   0x00000034   Code   RO          520    i.GetInnerLoop      timer.o
    0x080041a0   0x00000018   Code   RO          476    i.GetRcMode         rc.o
    0x080041b8   0x0000000c   Code   RO          923    i.GetWSCurrent      modeduty.o
    0x080041c4   0x00000034   Code   RO          967    i.Get_CRC16_Check_Sum  datatransfer.o
    0x080041f8   0x00000024   Code   RO          968    i.Get_CRC8_Check_Sum  datatransfer.o
    0x0800421c   0x00000270   Code   RO         1194    i.GimbalControl     controltask.o
    0x0800448c   0x0000005c   Code   RO         1233    i.GimbalCurrentSet  cantask.o
    0x080044e8   0x00000014   Code   RO         1297    i.GimbalDataCali    parameters.o
    0x080044fc   0x00000004   Code   RO          221    i.HardFault_Handler  stm32f4xx_it.o
    0x08004500   0x00000018   Code   RO         1298    i.IMU_ACCERDataCali  parameters.o
    0x08004518   0x0000001c   Code   RO         1299    i.IMU_GYRODataCali  parameters.o
    0x08004534   0x00000014   Code   RO         1300    i.IMU_MAGDataCali   parameters.o
    0x08004548   0x00000270   Code   RO          809    i.IST8310_CALI      ist8310.o
    0x080047b8   0x00000070   Code   RO          810    i.IST8310_Data_Prepare  ist8310.o
    0x08004828   0x000000f2   Code   RO          811    i.IST8310_Init      ist8310.o
    0x0800491a   0x00000002   PAD
    0x0800491c   0x00000090   Code   RO          812    i.IST8310_getRawEX  ist8310.o
    0x080049ac   0x0000003a   Code   RO          813    i.IST_Reg_Read_By_MPU  ist8310.o
    0x080049e6   0x00000040   Code   RO          814    i.IST_Reg_Write_By_MPU  ist8310.o
    0x08004a26   0x00000016   Code   RO          521    i.InnerLoopInit     timer.o
    0x08004a3c   0x00000020   Code   RO         1150    i.IsDeviceLost      selfcheck.o
    0x08004a5c   0x00000078   Code   RO          433    i.Led_Configuration  led.o
    0x08004ad4   0x000001f8   Code   RO          764    i.MPU6500_Data_Cali  mpu6500.o
    0x08004ccc   0x00000374   Code   RO          765    i.MPU6500_Data_Prepare  mpu6500.o
    0x08005040   0x000000a0   Code   RO          766    i.MPU6500_Init      mpu6500.o
    0x080050e0   0x000000ac   Code   RO          767    i.MPU6500_ReadValueRaw  mpu6500.o
    0x0800518c   0x0000002c   Code   RO          726    i.MPU6500_Read_Reg  spi.o
    0x080051b8   0x0000002c   Code   RO          727    i.MPU6500_Write_Reg  spi.o
    0x080051e4   0x0000008c   Code   RO          815    i.MPU_Auto_Read_IST_config  ist8310.o
    0x08005270   0x00000004   Code   RO          222    i.MemManage_Handler  stm32f4xx_it.o
    0x08005274   0x00000002   Code   RO          223    i.NMI_Handler       stm32f4xx_it.o
    0x08005276   0x00000002   PAD
    0x08005278   0x00000078   Code   RO         1418    i.NVIC_Init         misc.o
    0x080052f0   0x00000014   Code   RO         1419    i.NVIC_PriorityGroupConfig  misc.o
    0x08005304   0x00000010   Code   RO          969    i.PC_Send           datatransfer.o
    0x08005314   0x00000130   Code   RO          970    i.PC_SendMotor      datatransfer.o
    0x08005444   0x00000080   Code   RO          971    i.PC_Send_IMU       datatransfer.o
    0x080054c4   0x0000004c   Code   RO          972    i.PC_Send_RC        datatransfer.o
    0x08005510   0x000001b8   Code   RO         5694    i.PID_calculate     pid.o
    0x080056c8   0x000000d0   Code   RO          453    i.PWM_Init          pwm.o
    0x08005798   0x0000003c   Code   RO         1301    i.ParametersInit    parameters.o
    0x080057d4   0x0000005c   Code   RO         1302    i.ParametersSave    parameters.o
    0x08005830   0x00000002   Code   RO          224    i.PendSV_Handler    stm32f4xx_it.o
    0x08005832   0x00000002   PAD
    0x08005834   0x00000020   Code   RO         3581    i.RCC_AHB1PeriphClockCmd  stm32f4xx_rcc.o
    0x08005854   0x00000020   Code   RO         3590    i.RCC_APB1PeriphClockCmd  stm32f4xx_rcc.o
    0x08005874   0x00000020   Code   RO         3592    i.RCC_APB1PeriphResetCmd  stm32f4xx_rcc.o
    0x08005894   0x00000020   Code   RO         3593    i.RCC_APB2PeriphClockCmd  stm32f4xx_rcc.o
    0x080058b4   0x00000020   Code   RO         3595    i.RCC_APB2PeriphResetCmd  stm32f4xx_rcc.o
    0x080058d4   0x000000e8   Code   RO         3602    i.RCC_GetClocksFreq  stm32f4xx_rcc.o
    0x080059bc   0x00000040   Code   RO         5720    i.RampCalculate     ramp.o
    0x080059fc   0x00000010   Code   RO         5721    i.RampReset         ramp.o
    0x08005a0c   0x00000858   Code   RO          871    i.RcDataAnalysis    protocol.o
    0x08006264   0x000000b4   Code   RO          872    i.RcProtocolAnalysis  protocol.o
    0x08006318   0x00000008   Code   RO          477    i.Rc_Init           rc.o
    0x08006320   0x000000c8   Code   RO          973    i.RefereeSys_Send_Data  datatransfer.o
    0x080063e8   0x000000dc   Code   RO          728    i.SPI5_Init         spi.o
    0x080064c4   0x00000054   Code   RO          729    i.SPI5_Read_Write_Byte  spi.o
    0x08006518   0x00000018   Code   RO         4489    i.SPI_Cmd           stm32f4xx_spi.o
    0x08006530   0x00000012   Code   RO         4497    i.SPI_I2S_GetFlagStatus  stm32f4xx_spi.o
    0x08006542   0x00000006   Code   RO         4500    i.SPI_I2S_ReceiveData  stm32f4xx_spi.o
    0x08006548   0x00000004   Code   RO         4501    i.SPI_I2S_SendData  stm32f4xx_spi.o
    0x0800654c   0x0000003c   Code   RO         4502    i.SPI_Init          stm32f4xx_spi.o
    0x08006588   0x00000002   Code   RO          225    i.SVC_Handler       stm32f4xx_it.o
    0x0800658a   0x00000002   PAD
    0x0800658c   0x0000003c   Code   RO         1303    i.SensorOffsetInit  parameters.o
    0x080065c8   0x000000ec   Code   RO         5524    i.SetSysClock       system_stm32f4xx.o
    0x080066b4   0x00000068   Code   RO         5526    i.SystemInit        system_stm32f4xx.o
    0x0800671c   0x00000040   Code   RO          522    i.TIM5_Configuration  timer.o
    0x0800675c   0x00000024   Code   RO          523    i.TIM5_IRQHandler   timer.o
    0x08006780   0x0000004c   Code   RO          524    i.TIM6_Configuration  timer.o
    0x080067cc   0x00000028   Code   RO          525    i.TIM6_DAC_IRQHandler  timer.o
    0x080067f4   0x00000024   Code   RO          526    i.TIM6_Start        timer.o
    0x08006818   0x00000018   Code   RO         4707    i.TIM_ARRPreloadConfig  stm32f4xx_tim.o
    0x08006830   0x00000006   Code   RO         4713    i.TIM_ClearFlag     stm32f4xx_tim.o
    0x08006836   0x00000006   Code   RO         4714    i.TIM_ClearITPendingBit  stm32f4xx_tim.o
    0x0800683c   0x00000018   Code   RO         4719    i.TIM_Cmd           stm32f4xx_tim.o
    0x08006854   0x00000022   Code   RO         4740    i.TIM_GetITStatus   stm32f4xx_tim.o
    0x08006876   0x00000012   Code   RO         4744    i.TIM_ITConfig      stm32f4xx_tim.o
    0x08006888   0x0000007c   Code   RO         4748    i.TIM_OC1Init       stm32f4xx_tim.o
    0x08006904   0x00000012   Code   RO         4751    i.TIM_OC1PreloadConfig  stm32f4xx_tim.o
    0x08006916   0x00000002   PAD
    0x08006918   0x000000a4   Code   RO         4753    i.TIM_OC2Init       stm32f4xx_tim.o
    0x080069bc   0x0000001a   Code   RO         4756    i.TIM_OC2PreloadConfig  stm32f4xx_tim.o
    0x080069d6   0x00000002   PAD
    0x080069d8   0x00000084   Code   RO         4791    i.TIM_TimeBaseInit  stm32f4xx_tim.o
    0x08006a5c   0x000000c8   Code   RO          478    i.USART1_IRQHandler  rc.o
    0x08006b24   0x0000003c   Code   RO          587    i.USART2_IRQHandler  usart2.o
    0x08006b60   0x00000040   Code   RO          623    i.USART3_IRQHandler  usart3.o
    0x08006ba0   0x000000b8   Code   RO          659    i.USART6_IRQHandler  usart6.o
    0x08006c58   0x0000001e   Code   RO         5269    i.USART_ClearITPendingBit  stm32f4xx_usart.o
    0x08006c76   0x00000020   Code   RO         5270    i.USART_ClockInit   stm32f4xx_usart.o
    0x08006c96   0x00000018   Code   RO         5272    i.USART_Cmd         stm32f4xx_usart.o
    0x08006cae   0x00000012   Code   RO         5273    i.USART_DMACmd      stm32f4xx_usart.o
    0x08006cc0   0x000000b4   Code   RO         5274    i.USART_DeInit      stm32f4xx_usart.o
    0x08006d74   0x00000054   Code   RO         5276    i.USART_GetITStatus  stm32f4xx_usart.o
    0x08006dc8   0x0000004a   Code   RO         5278    i.USART_ITConfig    stm32f4xx_usart.o
    0x08006e12   0x00000002   PAD
    0x08006e14   0x000000d4   Code   RO         5279    i.USART_Init        stm32f4xx_usart.o
    0x08006ee8   0x00000018   Code   RO         5295    i.USART_StructInit  stm32f4xx_usart.o
    0x08006f00   0x00000004   Code   RO          226    i.UsageFault_Handler  stm32f4xx_it.o
    0x08006f04   0x00000158   Code   RO          479    i.Usart1_Init       rc.o
    0x0800705c   0x000000e8   Code   RO          974    i.Usart2_DataPrepare  datatransfer.o
    0x08007144   0x0000015c   Code   RO          588    i.Usart2_Init       usart2.o
    0x080072a0   0x000000cc   Code   RO          589    i.Usart2_Send       usart2.o
    0x0800736c   0x000000e8   Code   RO          975    i.Usart3_DataPrepare  datatransfer.o
    0x08007454   0x00000160   Code   RO          624    i.Usart3_Init       usart3.o
    0x080075b4   0x000000cc   Code   RO          625    i.Usart3_Send       usart3.o
    0x08007680   0x00000974   Code   RO          976    i.Usart6_DataPrepare  datatransfer.o
    0x08007ff4   0x0000019c   Code   RO          660    i.Usart6_Init       usart6.o
    0x08008190   0x000000cc   Code   RO          661    i.Usart6_Send       usart6.o
    0x0800825c   0x0000008c   Code   RO          924    i.WorkStateFSM      modeduty.o
    0x080082e8   0x00000020   Code   RO         6078    i.__0printf         mc_w.l(printfa.o)
    0x08008308   0x00000030   Code   RO         6156    i.__ARM_fpclassify  m_wm.l(fpclassify.o)
    0x08008338   0x00000026   Code   RO         6158    i.__ARM_fpclassifyf  m_wm.l(fpclassifyf.o)
    0x0800835e   0x00000002   PAD
    0x08008360   0x0000012c   Code   RO         5764    i.__hardfp_asinf    m_wm.l(asinf.o)
    0x0800848c   0x00000004   PAD
    0x08008490   0x000002d8   Code   RO         6122    i.__hardfp_atan     m_wm.l(atan.o)
    0x08008768   0x000001f0   Code   RO         5776    i.__hardfp_atan2    m_wm.l(atan2.o)
    0x08008958   0x00000250   Code   RO         5788    i.__hardfp_atan2f   m_wm.l(atan2f.o)
    0x08008ba8   0x00000150   Code   RO         5800    i.__hardfp_cosf     m_wm.l(cosf.o)
    0x08008cf8   0x00000190   Code   RO         5812    i.__hardfp_sinf     m_wm.l(sinf.o)
    0x08008e88   0x0000007a   Code   RO         5824    i.__hardfp_sqrt     m_wm.l(sqrt.o)
    0x08008f02   0x000000f8   Code   RO         6174    i.__kernel_poly     m_wm.l(poly.o)
    0x08008ffa   0x00000014   Code   RO         6137    i.__mathlib_dbl_infnan  m_wm.l(dunder.o)
    0x0800900e   0x00000014   Code   RO         6138    i.__mathlib_dbl_infnan2  m_wm.l(dunder.o)
    0x08009022   0x00000006   PAD
    0x08009028   0x00000020   Code   RO         6142    i.__mathlib_dbl_underflow  m_wm.l(dunder.o)
    0x08009048   0x00000006   Code   RO         6161    i.__mathlib_flt_infnan  m_wm.l(funder.o)
    0x0800904e   0x00000006   Code   RO         6162    i.__mathlib_flt_infnan2  m_wm.l(funder.o)
    0x08009054   0x00000010   Code   RO         6163    i.__mathlib_flt_invalid  m_wm.l(funder.o)
    0x08009064   0x00000010   Code   RO         6166    i.__mathlib_flt_underflow  m_wm.l(funder.o)
    0x08009074   0x00000154   Code   RO         6177    i.__mathlib_rredf2  m_wm.l(rredf.o)
    0x080091c8   0x0000000e   Code   RO         6243    i.__scatterload_copy  mc_w.l(handlers.o)
    0x080091d6   0x00000002   Code   RO         6244    i.__scatterload_null  mc_w.l(handlers.o)
    0x080091d8   0x0000000e   Code   RO         6245    i.__scatterload_zeroinit  mc_w.l(handlers.o)
    0x080091e6   0x00000002   PAD
    0x080091e8   0x0000000c   Code   RO         6219    i.__set_errno       mc_w.l(errno.o)
    0x080091f4   0x00000164   Code   RO         6085    i._fp_digits        mc_w.l(printfa.o)
    0x08009358   0x000006dc   Code   RO         6086    i._printf_core      mc_w.l(printfa.o)
    0x08009a34   0x00000024   Code   RO         6087    i._printf_post_padding  mc_w.l(printfa.o)
    0x08009a58   0x0000002e   Code   RO         6088    i._printf_pre_padding  mc_w.l(printfa.o)
    0x08009a86   0x00000010   Code   RO         6124    i.atan              m_wm.l(atan.o)
    0x08009a96   0x00000018   Code   RO         6152    i.fabs              m_wm.l(fabs.o)
    0x08009aae   0x00000012   Code   RO         6206    i.fputc             mc_w.l(fputc.o)
    0x08009ac0   0x0000006c   Code   RO         1369    i.invSqrt           imu.o
    0x08009b2c   0x00000028   Code   RO            3    i.main              main.o
    0x08009b54   0x00000264   Code   RO         1234    i.mecanum_calc      cantask.o
    0x08009db8   0x0000001a   Code   RO         5598    i.my_abs            mymath.o
    0x08009dd2   0x0000003e   Code   RO         6182    i.sqrtf             m_wm.l(sqrtf.o)
    0x08009e10   0x00000302   Data   RO          980    .constdata          datatransfer.o
    0x0800a112   0x0000001a   Data   RO         1151    .constdata          selfcheck.o
    0x0800a12c   0x00000004   PAD
    0x0800a130   0x00000098   Data   RO         6125    .constdata          m_wm.l(atan.o)
    0x0800a1c8   0x00000008   Data   RO         6176    .constdata          m_wm.l(qnan.o)
    0x0800a1d0   0x00000020   Data   RO         6178    .constdata          m_wm.l(rredf.o)
    0x0800a1f0   0x00000020   Data   RO         6241    Region$$Table       anon$$obj.o


    Execution Region RW_IRAM1 (Base: 0x20000000, Size: 0x00001760, Max: 0x00030000, ABSOLUTE, COMPRESSED[0x0000005c])

    Base Addr    Size         Type   Attr      Idx    E Section Name        Object

    0x20000000   0x00000004   Data   RW          481    .data               rc.o
    0x20000004   0x00000005   Data   RW          591    .data               usart2.o
    0x20000009   0x00000001   PAD
    0x2000000a   0x00000005   Data   RW          627    .data               usart3.o
    0x2000000f   0x00000001   PAD
    0x20000010   0x00000008   Data   RW          663    .data               usart6.o
    0x20000018   0x00000012   Data   RW          769    .data               mpu6500.o
    0x2000002a   0x00000022   Data   RW          817    .data               ist8310.o
    0x2000004c   0x00000016   Data   RW          875    .data               protocol.o
    0x20000062   0x00000002   Data   RW          925    .data               modeduty.o
    0x20000064   0x0000000d   Data   RW          981    .data               datatransfer.o
    0x20000071   0x00000003   PAD
    0x20000074   0x00000004   Data   RW         1103    .data               dutytasks.o
    0x20000078   0x0000001e   Data   RW         1152    .data               selfcheck.o
    0x20000096   0x00000002   PAD
    0x20000098   0x00000058   Data   RW         1195    .data               controltask.o
    0x200000f0   0x00000018   Data   RW         1235    .data               cantask.o
    0x20000108   0x000000e3   Data   RW         1306    .data               parameters.o
    0x200001eb   0x00000001   PAD
    0x200001ec   0x00000091   Data   RW         1372    .data               imu.o
    0x2000027d   0x00000010   Data   RW         3625    .data               stm32f4xx_rcc.o
    0x2000028d   0x00000018   Data   RW         5722    .data               ramp.o
    0x200002a5   0x00000003   PAD
    0x200002a8   0x00000004   Data   RW         6208    .data               mc_w.l(stdout.o)
    0x200002ac   0x00000004   Data   RW         6220    .data               mc_w.l(errno.o)
    0x200002b0   0x0000003c   Zero   RW          480    .bss                rc.o
    0x200002ec   0x000000a0   Zero   RW          527    .bss                timer.o
    0x2000038c   0x00000300   Zero   RW          590    .bss                usart2.o
    0x2000068c   0x00000300   Zero   RW          626    .bss                usart3.o
    0x2000098c   0x00000264   Zero   RW          662    .bss                usart6.o
    0x20000bf0   0x0000011a   Zero   RW          768    .bss                mpu6500.o
    0x20000d0a   0x00000018   Zero   RW          816    .bss                ist8310.o
    0x20000d22   0x00000002   PAD
    0x20000d24   0x00000208   Zero   RW          874    .bss                protocol.o
    0x20000f2c   0x000000e1   Zero   RW          979    .bss                datatransfer.o
    0x2000100d   0x00000003   PAD
    0x20001010   0x000002bc   Zero   RW         1305    .bss                parameters.o
    0x200012cc   0x00000090   Zero   RW         1371    .bss                imu.o
    0x2000135c   0x00000004   PAD
    0x20001360   0x00000400   Zero   RW          282    STACK               startup_stm32f427_437xx.o


==============================================================================

Image component sizes


      Code (inc. data)   RO Data    RW Data    ZI Data      Debug   Object Name

        12          0          0          0          0        478   appinit.o
       372         48          0          0          0       3206   bsp_flash.o
       712         48          0          0          0       3526   can.o
      1032         72          0         24          0       4547   cantask.o
      1236        162          0         88          0       3411   controltask.o
      6880        998        770         13        225      16420   datatransfer.o
       152          0          0          0          0        619   driver.o
       572         68          0          4          0       3808   dutytasks.o
         2          0          0          0          0        442   encoder.o
      3052        200          0        145        144       7896   imu.o
      1384         64          0         34         24       4797   ist8310.o
       120          8          0          0          0        572   led.o
        40          4          0          0          0     298287   main.o
       140         24          0          0          0     210735   misc.o
       152         22          0          2          0      27831   modeduty.o
      1720        106          0         18        282       3630   mpu6500.o
        26          0          0          0          0        541   mymath.o
       304         66          0        227        700       5866   parameters.o
       440         10          0          0          0       1164   pid.o
      4584        260          0         22        520       6501   protocol.o
       208         10          0          0          0        635   pwm.o
        80          4          0         24          0       1913   ramp.o
       576         42          0          4         60       2817   rc.o
       164         28         26         30          0       2275   selfcheck.o
       392         22          0          0          0       2518   spi.o
        36          8        428          0       1024        836   startup_stm32f427_437xx.o
      1710         26          0          0          0      16548   stm32f4xx_can.o
       634         40          0          0          0      19987   stm32f4xx_dma.o
       410         42          0          0          0       9876   stm32f4xx_flash.o
       248          0          0          0          0      10399   stm32f4xx_gpio.o
        24          0          0          0          0       3688   stm32f4xx_it.o
       392         48          0         16          0      18701   stm32f4xx_rcc.o
       112          0          0          0          0      11614   stm32f4xx_spi.o
       576         48          0          0          0      27379   stm32f4xx_tim.o
       678         32          0          0          0      12827   stm32f4xx_usart.o
       340         32          0          0          0       1613   system_stm32f4xx.o
       374         46          0          0        160       4612   timer.o
       612         54          0          5        768       2848   usart2.o
       620         48          0          5        768       2856   usart3.o
       800         64          0          8        612       2808   usart6.o

    ----------------------------------------------------------------------
     31946       2754       1260        680       5296     761027   Object Totals
         0          0         32          0          0          0   (incl. Generated)
        28          0          4         11          9          0   (incl. Padding)

    ----------------------------------------------------------------------

      Code (inc. data)   RO Data    RW Data    ZI Data      Debug   Library Member Name

       300         42          0          0          0        176   asinf.o
       744        106        152          0          0        352   atan.o
       496         64          0          0          0        192   atan2.o
       592         90          0          0          0        184   atan2f.o
       336         56          0          0          0        136   cosf.o
        72          8          0          0          0        372   dunder.o
        24          0          0          0          0        124   fabs.o
        48          0          0          0          0        124   fpclassify.o
        38          0          0          0          0        116   fpclassifyf.o
        44         12          0          0          0        464   funder.o
       248          0          0          0          0        152   poly.o
         0          0          8          0          0          0   qnan.o
       340         24         32          0          0        160   rredf.o
       400         56          0          0          0        212   sinf.o
       122          0          0          0          0        148   sqrt.o
        62          0          0          0          0        136   sqrtf.o
        86          0          0          0          0          0   __dczerorl2.o
         0          0          0          0          0          0   entry.o
         0          0          0          0          0          0   entry10a.o
         0          0          0          0          0          0   entry11a.o
         8          4          0          0          0          0   entry2.o
         4          0          0          0          0          0   entry5.o
         0          0          0          0          0          0   entry7b.o
         0          0          0          0          0          0   entry8b.o
         8          4          0          0          0          0   entry9a.o
        12          6          0          4          0         68   errno.o
        18          0          0          0          0         80   fputc.o
        30          0          0          0          0          0   handlers.o
        36          8          0          0          0         68   init.o
         0          0          0          0          0          0   iusefp.o
         0          0          0          0          0          0   iusesemip.o
        30          0          0          0          0         68   llshl.o
        36          0          0          0          0         68   llsshr.o
        32          0          0          0          0         68   llushr.o
        36          0          0          0          0         68   memcpya.o
        36          0          0          0          0        108   memseta.o
      2226         90          0          0          0        444   printfa.o
         0          0          0          0          0          0   semi.o
         0          0          0          4          0          0   stdout.o
        44          0          0          0          0         80   uidiv.o
        98          0          0          0          0         92   uldiv.o
        48          0          0          0          0         68   cdrcmple.o
        56          0          0          0          0         88   d2f.o
       334          0          0          0          0        148   dadd.o
       222          0          0          0          0        100   ddiv.o
       186          0          0          0          0        176   depilogue.o
        48          0          0          0          0         68   dfixul.o
        34          0          0          0          0         76   dflti.o
       228          0          0          0          0         96   dmul.o
       162          0          0          0          0        100   dsqrt.o
        38          0          0          0          0         68   f2d.o
       110          0          0          0          0        168   fepilogue.o

    ----------------------------------------------------------------------
      8090        574        192          8          0       5416   Library Totals
        18          4          0          0          0          0   (incl. Padding)

    ----------------------------------------------------------------------

      Code (inc. data)   RO Data    RW Data    ZI Data      Debug   Library Name

      3866        458        192          0          0       3048   m_wm.l
      2740        112          0          8          0       1212   mc_w.l
      1466          0          0          0          0       1156   mf_w.l

    ----------------------------------------------------------------------
      8090        574        192          8          0       5416   Library Totals

    ----------------------------------------------------------------------

==============================================================================


      Code (inc. data)   RO Data    RW Data    ZI Data      Debug   

     40036       3328       1452        688       5296     746031   Grand Totals
     40036       3328       1452         92       5296     746031   ELF Image Totals (compressed)
     40036       3328       1452         92          0          0   ROM Totals

==============================================================================

    Total RO  Size (Code + RO Data)                41488 (  40.52kB)
    Total RW  Size (RW Data + ZI Data)              5984 (   5.84kB)
    Total ROM Size (Code + RO Data + RW Data)      41580 (  40.61kB)

==============================================================================

